Component: ARM Compiler 5.05 update 1 (build 106) Tool: armlink [4d0efa]

==============================================================================

Section Cross References

    main.o(i.App_Core_1) refers to bf7006bmxx_wdt.o(i.wdt_clear) for wdt_clear
    main.o(i.App_Core_1) refers to main.o(i.HighVol_InterLocking) for HighVol_InterLocking
    main.o(i.App_Core_1) refers to main.o(i.CAN_ReceiveMsg) for CAN_ReceiveMsg
    main.o(i.App_Core_2) refers to main.o(i.Volt_Caculate) for Volt_Caculate
    main.o(i.App_Core_2) refers to main.o(i.Current_Sampling) for Current_Sampling
    main.o(i.App_Core_2) refers to main.o(i.Heating) for Heating
    main.o(i.App_Core_2) refers to main.o(i.IGBT_Breakdown) for IGBT_Breakdown
    main.o(i.App_Core_2) refers to main.o(i.IGBT_or_PTC_OpenCircult) for IGBT_or_PTC_OpenCircult
    main.o(i.App_Core_2) refers to main.o(i.Protect_Over_HighVol) for Protect_Over_HighVol
    main.o(i.App_Core_2) refers to main.o(i.Protect_Under_HighVol) for Protect_Under_HighVol
    main.o(i.App_Core_2) refers to main.o(i.OverVol_IGBT_Driver) for OverVol_IGBT_Driver
    main.o(i.App_Core_2) refers to main.o(i.UnderVol_IGBT_Driver) for UnderVol_IGBT_Driver
    main.o(i.App_Core_2) refers to main.o(i.OverCurrent_HighVol) for OverCurrent_HighVol
    main.o(i.App_Core_2) refers to main.o(i.IGBT_TempSensor_OpenCirult) for IGBT_TempSensor_OpenCirult
    main.o(i.App_Core_2) refers to main.o(i.IGBT_TempSensor_ShortCircult) for IGBT_TempSensor_ShortCircult
    main.o(i.App_Core_2) refers to main.o(i.PCB_TempSensor_OpenCircult) for PCB_TempSensor_OpenCircult
    main.o(i.App_Core_2) refers to main.o(i.PCB_TempSensor_ShortCircult) for PCB_TempSensor_ShortCircult
    main.o(i.App_Core_2) refers to main.o(i.PTC1_TempSensor_OpenCircult) for PTC1_TempSensor_OpenCircult
    main.o(i.App_Core_2) refers to main.o(i.PTC1_TempSensor_ShortCircult) for PTC1_TempSensor_ShortCircult
    main.o(i.App_Core_2) refers to main.o(i.PTC1_OverTemp) for PTC1_OverTemp
    main.o(i.App_Core_2) refers to main.o(i.IGBTOver_Temp) for IGBTOver_Temp
    main.o(i.App_Core_2) refers to main.o(i._PCB_OverTemp) for _PCB_OverTemp
    main.o(i.App_Core_2) refers to main.o(i.Comm_Overtime) for Comm_Overtime
    main.o(i.App_Core_2) refers to main.o(i.ShortCircult_Protect) for ShortCircult_Protect
    main.o(i.App_Core_2) refers to main.o(i.Fault_Ouput) for Fault_Ouput
    main.o(i.App_Core_2) refers to main.o(i.DutyCycle_Output) for DutyCycle_Output
    main.o(i.App_Core_2) refers to main.o(.data) for SetDutyFlag
    main.o(i.CAN_ReceiveMsg) refers to bf7006bmxx_eflash.o(i.eflash_var_mark1) for eflash_var_mark1
    main.o(i.CAN_ReceiveMsg) refers to bf7006bmxx_eflash.o(i.eflash_var_mark2) for eflash_var_mark2
    main.o(i.CAN_ReceiveMsg) refers to main.o(i.delay) for delay
    main.o(i.CAN_ReceiveMsg) refers to bf7006bmxx_eflash.o(i.flash_sector_erase) for flash_sector_erase
    main.o(i.CAN_ReceiveMsg) refers to bf7006bmxx_eflash.o(i.flash_prog_Nwords) for flash_prog_Nwords
    main.o(i.CAN_ReceiveMsg) refers to main.o(.data) for is_receive_can_frame
    main.o(i.CAN_ReceiveMsg) refers to main.o(.bss) for can_receive_data
    main.o(i.Comm_Overtime) refers to dcan.o(i.DCAN_WriteDTC01) for DCAN_WriteDTC01
    main.o(i.Comm_Overtime) refers to dcan.o(i.DCAN_WriteDTC02) for DCAN_WriteDTC02
    main.o(i.Comm_Overtime) refers to main.o(i.Cal_Snapshot_Value) for Cal_Snapshot_Value
    main.o(i.Comm_Overtime) refers to dcan.o(i.DCAN_WriteDTC04) for DCAN_WriteDTC04
    main.o(i.Comm_Overtime) refers to dcan.o(i.DCAN_WriteDTC06) for DCAN_WriteDTC06
    main.o(i.Comm_Overtime) refers to main.o(.data) for OutOfTime
    main.o(i.Comm_Overtime) refers to main.o(.constdata) for DTC_D00300
    main.o(i.Current_Sampling) refers to aeabi_sdiv.o(.text) for __aeabi_uidivmod
    main.o(i.Current_Sampling) refers to bf7006bmxx_gpio.o(i.gpio_bit_set) for gpio_bit_set
    main.o(i.Current_Sampling) refers to main.o(.data) for r
    main.o(i.Current_Sampling) refers to main.o(.bss) for Crrt115
    main.o(i.DutyCycle_Output) refers to main.o(.data) for Duty1
    main.o(i.Fault_Ouput) refers to main.o(.data) for Duty1
    main.o(i.GetIGBTTemp) refers to main.o(.data) for i
    main.o(i.GetIGBTTemp) refers to main.o(.constdata) for Temp_IGBTNum
    main.o(i.GetPTCTemp) refers to main.o(.data) for i
    main.o(i.GetPTCTemp) refers to main.o(.constdata) for Temp_PTCNum
    main.o(i.Heating) refers to aeabi_sdiv.o(.text) for __aeabi_uidivmod
    main.o(i.Heating) refers to main.o(.data) for IsStartTestMyself
    main.o(i.HighVol_InterLocking) refers to main.o(.data) for K2
    main.o(i.IGBTOver_Temp) refers to dcan.o(i.DCAN_WriteDTC01) for DCAN_WriteDTC01
    main.o(i.IGBTOver_Temp) refers to dcan.o(i.DCAN_WriteDTC02) for DCAN_WriteDTC02
    main.o(i.IGBTOver_Temp) refers to main.o(i.Cal_Snapshot_Value) for Cal_Snapshot_Value
[...]
    __rt_entry_postsh_1                      0x00005133   Thumb Code     0  __rtentry2.o(.ARM.Collect$$rtentry$$00000009)
    __rt_entry_main                          0x00005137   Thumb Code     0  __rtentry2.o(.ARM.Collect$$rtentry$$0000000D)
    __rt_entry_postli_1                      0x00005137   Thumb Code     0  __rtentry2.o(.ARM.Collect$$rtentry$$0000000C)
    __rt_exit                                0x0000513f   Thumb Code     0  rtexit.o(.ARM.Collect$$rtexit$$00000000)
    __rt_exit_ls                             0x00005141   Thumb Code     0  rtexit2.o(.ARM.Collect$$rtexit$$00000003)
    __rt_exit_prels_1                        0x00005141   Thumb Code     0  rtexit2.o(.ARM.Collect$$rtexit$$00000002)
    __rt_exit_exit                           0x00005145   Thumb Code     0  rtexit2.o(.ARM.Collect$$rtexit$$00000004)
    rand                                     0x0000514d   Thumb Code    52  rand.o(.emb_text)
    __aeabi_memcpy4                          0x00005185   Thumb Code    56  rt_memcpy.o(.emb_text)
    __aeabi_memcpy8                          0x00005185   Thumb Code     0  rt_memcpy.o(.emb_text)
    Reset_Handler                            0x000051bd   Thumb Code     8  startup_bf7006bmxx.o(.text)
    __user_initial_stackheap                 0x000051d1   Thumb Code     0  startup_bf7006bmxx.o(.text)
    srand                                    0x000051f5   Thumb Code    44  rand.o(.text)
    _rand_init                               0x00005221   Thumb Code     4  rand.o(.text)
    __aeabi_memcpy                           0x00005231   Thumb Code   130  rt_memcpy.o(.text)
    __rt_memcpy                              0x00005231   Thumb Code     0  rt_memcpy.o(.text)
    _memset_w                                0x000052b3   Thumb Code    26  rt_memclr.o(.text)
    _memset                                  0x000052cd   Thumb Code    30  rt_memclr.o(.text)
    __aeabi_memclr                           0x000052eb   Thumb Code     4  rt_memclr.o(.text)
    __rt_memclr                              0x000052eb   Thumb Code     0  rt_memclr.o(.text)
    __aeabi_memclr4                          0x000052ef   Thumb Code     0  rt_memclr.o(.text)
    __aeabi_memclr8                          0x000052ef   Thumb Code     0  rt_memclr.o(.text)
    __rt_memclr_w                            0x000052ef   Thumb Code     4  rt_memclr.o(.text)
    __aeabi_uread4                           0x000052f3   Thumb Code    34  uread4.o(.text)
    __rt_uread4                              0x000052f3   Thumb Code     0  uread4.o(.text)
    __aeabi_uwrite4                          0x00005315   Thumb Code    16  uwrite4.o(.text)
    __rt_uwrite4                             0x00005315   Thumb Code     0  uwrite4.o(.text)
    __aeabi_uidiv                            0x00005325   Thumb Code     0  aeabi_sdiv.o(.text)
    __aeabi_uidivmod                         0x00005325   Thumb Code    20  aeabi_sdiv.o(.text)
    __aeabi_idiv                             0x00005339   Thumb Code     0  aeabi_sdiv.o(.text)
    __aeabi_idivmod                          0x00005339   Thumb Code   326  aeabi_sdiv.o(.text)
    __use_two_region_memory                  0x0000547f   Thumb Code     2  heapauxi.o(.text)
    __rt_heap_escrow$2region                 0x00005481   Thumb Code     2  heapauxi.o(.text)
    __rt_heap_expand$2region                 0x00005483   Thumb Code     2  heapauxi.o(.text)
    __user_setup_stackheap                   0x00005485   Thumb Code    62  sys_stackheap_outer.o(.text)
    exit                                     0x000054c3   Thumb Code    12  exit.o(.text)
    __user_libspace                          0x000054d1   Thumb Code     8  libspace.o(.text)
    __user_perproc_libspace                  0x000054d1   Thumb Code     0  libspace.o(.text)
    __user_perthread_libspace                0x000054d1   Thumb Code     0  libspace.o(.text)
    _sys_exit                                0x000054d9   Thumb Code     8  sys_exit.o(.text)
    __I$use$semihosting                      0x000054e5   Thumb Code     0  use_no_semi.o(.text)
    __use_no_semihosting_swi                 0x000054e5   Thumb Code     2  use_no_semi.o(.text)
    __decompress                             0x000054e7   Thumb Code     0  __dczerorl2.o(.text)
    __decompress1                            0x000054e7   Thumb Code    86  __dczerorl2.o(.text)
    __semihosting_library_function           0x000054e7   Thumb Code     0  indicate_semi.o(.text)
    ADC_IRQHandler                           0x0000553d   Thumb Code   972  bf7006bmxx_it.o(i.ADC_IRQHandler)
    App_Core_1                               0x000059b1   Thumb Code    16  main.o(i.App_Core_1)
    App_Core_2                               0x000059c1   Thumb Code   104  main.o(i.App_Core_2)
    CAN_ERR_IRQHandler                       0x00005a2d   Thumb Code   110  bf7006bmxx_it.o(i.CAN_ERR_IRQHandler)
    CAN_RX_IRQHandler                        0x00005aa1   Thumb Code    30  bf7006bmxx_it.o(i.CAN_RX_IRQHandler)
    CAN_ReceiveMsg                           0x00005ad1   Thumb Code   314  main.o(i.CAN_ReceiveMsg)
    CAN_TX_IRQHandler                        0x00005c4d   Thumb Code    28  bf7006bmxx_it.o(i.CAN_TX_IRQHandler)
    CAN_WAKE_IRQHandler                      0x00005c6d   Thumb Code    14  bf7006bmxx_it.o(i.CAN_WAKE_IRQHandler)
    COMM_CANTP_FrameFill                     0x00005c7b   Thumb Code    56  can_tp.o(i.COMM_CANTP_FrameFill)
    COMM_CANTP_GetRxBuff                     0x00005cb5   Thumb Code     4  can_tp.o(i.COMM_CANTP_GetRxBuff)
    COMM_CANTP_GetRxBuff2                    0x00005cbd   Thumb Code     4  can_tp.o(i.COMM_CANTP_GetRxBuff2)
    COMM_CANTP_GetTxBuff                     0x00005cc5   Thumb Code     4  can_tp.o(i.COMM_CANTP_GetTxBuff)
    COMM_CANTP_GetTxBuff2                    0x00005ccd   Thumb Code     4  can_tp.o(i.COMM_CANTP_GetTxBuff2)
    COMM_CANTP_Init                          0x00005cd5   Thumb Code   160  can_tp.o(i.COMM_CANTP_Init)
    COMM_CANTP_RX_ConsecutiveFrameProcess    0x00005da1   Thumb Code   210  can_tp.o(i.COMM_CANTP_RX_ConsecutiveFrameProcess)
    COMM_CANTP_RX_FirstFrameProcess          0x00005e81   Thumb Code   116  can_tp.o(i.COMM_CANTP_RX_FirstFrameProcess)
    COMM_CANTP_RX_FlowCtrlFrameProcess       0x00005efd   Thumb Code     2  can_tp.o(i.COMM_CANTP_RX_FlowCtrlFrameProcess)
    COMM_CANTP_RX_MsgProcess                 0x00005f01   Thumb Code   250  can_tp.o(i.COMM_CANTP_RX_MsgProcess)
    COMM_CANTP_RX_SingleFrameProcess         0x0000601d   Thumb Code   108  can_tp.o(i.COMM_CANTP_RX_SingleFrameProcess)
    COMM_CANTP_Service_3E_Request            0x0000608d   Thumb Code     6  can_tp.o(i.COMM_CANTP_Service_3E_Request)
    COMM_CANTP_Service_Request               0x00006099   Thumb Code     6  can_tp.o(i.COMM_CANTP_Service_Request)
    COMM_CANTP_TX_3E_MsgProcess              0x000060a5   Thumb Code    52  can_tp.o(i.COMM_CANTP_TX_3E_MsgProcess)
    COMM_CANTP_TX_ConsecutiveFrameProcess    0x000060e5   Thumb Code   182  can_tp.o(i.COMM_CANTP_TX_ConsecutiveFrameProcess)
    COMM_CANTP_TX_FirstFrameProcess          0x000061a5   Thumb Code   108  can_tp.o(i.COMM_CANTP_TX_FirstFrameProcess)
    COMM_CANTP_TX_FlowCtrlFrameProcess       0x00006219   Thumb Code   198  can_tp.o(i.COMM_CANTP_TX_FlowCtrlFrameProcess)
    COMM_CANTP_TX_MsgProcess                 0x000062f1   Thumb Code   296  can_tp.o(i.COMM_CANTP_TX_MsgProcess)
    COMM_CANTP_TX_SingleFrameProcess         0x00006431   Thumb Code    90  can_tp.o(i.COMM_CANTP_TX_SingleFrameProcess)
    COMM_CANTP_USDT_TX_ConsecutiveFrame      0x00006491   Thumb Code    30  can_tp.o(i.COMM_CANTP_USDT_TX_ConsecutiveFrame)
    COMM_CANTP_USDT_TX_SingleFrame           0x000064b5   Thumb Code    40  can_tp.o(i.COMM_CANTP_USDT_TX_SingleFrame)
    COMM_CAN_CFG_RX                          0x000064e5   Thumb Code   228  can_cfg.o(i.COMM_CAN_CFG_RX)
    COMM_CAN_CFG_TX                          0x000065e9   Thumb Code    96  can_cfg.o(i.COMM_CAN_CFG_TX)
    COMM_CAN_Init                            0x0000664d   Thumb Code    48  can_cfg.o(i.COMM_CAN_Init)
    Cal_Snapshot_Value                       0x000066a5   Thumb Code    32  main.o(i.Cal_Snapshot_Value)
    Comm_Overtime                            0x000066c5   Thumb Code   168  main.o(i.Comm_Overtime)
    Current_Sampling                         0x00006781   Thumb Code   294  main.o(i.Current_Sampling)
    DCAN_DtrmnService                        0x000068ed   Thumb Code   404  dcan.o(i.DCAN_DtrmnService)
    DCAN_GenericNegResponse                  0x00006ab5   Thumb Code   244  dcan.o(i.DCAN_GenericNegResponse)
    DCAN_GenericPosResponse                  0x00006ba9   Thumb Code   250  dcan.o(i.DCAN_GenericPosResponse)
    DCAN_Init                                0x00006ca5   Thumb Code   156  dcan.o(i.DCAN_Init)
    DCAN_NRC78_Respose                       0x00006d81   Thumb Code   144  dcan.o(i.DCAN_NRC78_Respose)
    DCAN_NRC78_Send_Task                     0x00006e15   Thumb Code   186  dcan.o(i.DCAN_NRC78_Send_Task)
    DCAN_PerfmSoftReset                      0x00006edd   Thumb Code    58  dcan.o(i.DCAN_PerfmSoftReset)
    DCAN_PerformService10                    0x00006f21   Thumb Code   270  dcan.o(i.DCAN_PerformService10)
    DCAN_PerformService11                    0x0000704d   Thumb Code   354  dcan.o(i.DCAN_PerformService11)
    DCAN_PerformService14                    0x000071c9   Thumb Code   270  dcan.o(i.DCAN_PerformService14)
    DCAN_PerformService19                    0x000072e9   Thumb Code  2432  dcan.o(i.DCAN_PerformService19)
    DCAN_PerformService22                    0x00007c75   Thumb Code   342  dcan.o(i.DCAN_PerformService22)
    DCAN_PerformService27                    0x00007e01   Thumb Code   402  dcan.o(i.DCAN_PerformService27)
    DCAN_PerformService28                    0x00007fa9   Thumb Code   460  dcan.o(i.DCAN_PerformService28)
    DCAN_PerformService2E                    0x00008191   Thumb Code   504  dcan.o(i.DCAN_PerformService2E)
    DCAN_PerformService85                    0x000083a9   Thumb Code   192  dcan.o(i.DCAN_PerformService85)
    DCAN_SID10_PosResponse                   0x0000847d   Thumb Code   258  dcan.o(i.DCAN_SID10_PosResponse)
    DCAN_SID14_PosResponse                   0x0000857f   Thumb Code    62  dcan.o(i.DCAN_SID14_PosResponse)
    DCAN_SID22_PosResponse                   0x000085bd   Thumb Code   200  dcan.o(i.DCAN_SID22_PosResponse)
    DCAN_SID27_SendSeed                      0x00008685   Thumb Code   448  dcan.o(i.DCAN_SID27_SendSeed)
    DCAN_SID27_VerifyKey                     0x0000884d   Thumb Code   406  dcan.o(i.DCAN_SID27_VerifyKey)
    DCAN_SID2E_PosResponse                   0x000089f1   Thumb Code   144  dcan.o(i.DCAN_SID2E_PosResponse)
    DCAN_WriteDTC01                          0x00008a81   Thumb Code    50  dcan.o(i.DCAN_WriteDTC01)
    DCAN_WriteDTC02                          0x00008abd   Thumb Code   178  dcan.o(i.DCAN_WriteDTC02)
    DCAN_WriteDTC04                          0x00008b79   Thumb Code   548  dcan.o(i.DCAN_WriteDTC04)
    DCAN_WriteDTC06                          0x00008da9   Thumb Code   194  dcan.o(i.DCAN_WriteDTC06)
    DCAN_WriteDTC0A                          0x00008e79   Thumb Code  1150  dcan.o(i.DCAN_WriteDTC0A)
    DRV_WriteData1Eeprom                     0x00009301   Thumb Code    82  dcan.o(i.DRV_WriteData1Eeprom)
    DRV_WriteData2Eeprom                     0x00009355   Thumb Code   114  dcan.o(i.DRV_WriteData2Eeprom)
    DRV_WriteData4Eeprom                     0x000093d1   Thumb Code   114  dcan.o(i.DRV_WriteData4Eeprom)
    DRV_WriteData6Eeprom                     0x0000944d   Thumb Code   114  dcan.o(i.DRV_WriteData6Eeprom)
    DutyCycle_Output                         0x000094c9   Thumb Code    52  main.o(i.DutyCycle_Output)
    EFLS_DRV_FlashReadyCheck                 0x0000950d   Thumb Code    28  dcan.o(i.EFLS_DRV_FlashReadyCheck)
    EFLS_DRV_Read_Data_From_Eemprom          0x00009529   Thumb Code    20  dcan.o(i.EFLS_DRV_Read_Data_From_Eemprom)
    EFLS_DRV_Write_Data_To_Eemprom           0x0000953d   Thumb Code   180  dcan.o(i.EFLS_DRV_Write_Data_To_Eemprom)
    Fault_Ouput                              0x000095f1   Thumb Code   614  main.o(i.Fault_Ouput)
    GPIO_IRQHandler                          0x000098e1   Thumb Code    60  bf7006bmxx_it.o(i.GPIO_IRQHandler)
    GetIGBTTemp                              0x00009921   Thumb Code    76  main.o(i.GetIGBTTemp)
    GetPTCTemp                               0x00009975   Thumb Code    76  main.o(i.GetPTCTemp)
    HardFault_Handler                        0x000099c9   Thumb Code     4  bf7006bmxx_it.o(i.HardFault_Handler)
    Heating                                  0x000099cd   Thumb Code   746  main.o(i.Heating)
    HighVol_InterLocking                     0x00009ced   Thumb Code    40  main.o(i.HighVol_InterLocking)
    IGBTOver_Temp                            0x00009d25   Thumb Code   234  main.o(i.IGBTOver_Temp)
    IGBT_Breakdown                           0x00009e31   Thumb Code   184  main.o(i.IGBT_Breakdown)
    IGBT_TempSensor_OpenCirult               0x00009f05   Thumb Code   218  main.o(i.IGBT_TempSensor_OpenCirult)
    IGBT_TempSensor_ShortCircult             0x0000a001   Thumb Code   218  main.o(i.IGBT_TempSensor_ShortCircult)
    IGBT_or_PTC_OpenCircult                  0x0000a0fd   Thumb Code   192  main.o(i.IGBT_or_PTC_OpenCircult)
    LVDT_IRQHandler                          0x0000a1e1   Thumb Code    16  bf7006bmxx_it.o(i.LVDT_IRQHandler)
    NMI_Handler                              0x0000a1f1   Thumb Code     8  bf7006bmxx_it.o(i.NMI_Handler)
    OSTK_Delayus                             0x0000a1f9   Thumb Code    26  ostk.o(i.OSTK_Delayus)
    OSTK_Init                                0x0000a215   Thumb Code    48  ostk.o(i.OSTK_Init)
    OSTK_TaskHandler                         0x0000a24d   Thumb Code    50  ostk.o(i.OSTK_TaskHandler)
    OSTK_TaskSchedule                        0x0000a285   Thumb Code    92  ostk.o(i.OSTK_TaskSchedule)
    OverCurrent_HighVol                      0x0000a2e5   Thumb Code   218  main.o(i.OverCurrent_HighVol)
    OverVol_IGBT_Driver                      0x0000a3e1   Thumb Code   226  main.o(i.OverVol_IGBT_Driver)
    PCB_TempSensor_OpenCircult               0x0000a4e5   Thumb Code   218  main.o(i.PCB_TempSensor_OpenCircult)
    PCB_TempSensor_ShortCircult              0x0000a5e1   Thumb Code   218  main.o(i.PCB_TempSensor_ShortCircult)
    PTC1_OverTemp                            0x0000a6dd   Thumb Code   234  main.o(i.PTC1_OverTemp)
    PTC1_TempSensor_OpenCircult              0x0000a7e9   Thumb Code   218  main.o(i.PTC1_TempSensor_OpenCircult)
    PTC1_TempSensor_ShortCircult             0x0000a8e5   Thumb Code   218  main.o(i.PTC1_TempSensor_ShortCircult)
    PWM_CH0_IRQHandler                       0x0000a9e1   Thumb Code     8  bf7006bmxx_it.o(i.PWM_CH0_IRQHandler)
    PWM_CH1_IRQHandler                       0x0000a9e9   Thumb Code     8  bf7006bmxx_it.o(i.PWM_CH1_IRQHandler)
    PWM_CH2_IRQHandler                       0x0000a9f1   Thumb Code     8  bf7006bmxx_it.o(i.PWM_CH2_IRQHandler)
    PWM_CH3_IRQHandler                       0x0000a9f9   Thumb Code     8  bf7006bmxx_it.o(i.PWM_CH3_IRQHandler)
    PWM_CH4_IRQHandler                       0x0000aa01   Thumb Code     8  bf7006bmxx_it.o(i.PWM_CH4_IRQHandler)
    PWM_CH5_IRQHandler                       0x0000aa09   Thumb Code     8  bf7006bmxx_it.o(i.PWM_CH5_IRQHandler)
    PWM_TOF_IRQHandler                       0x0000aa11   Thumb Code     8  bf7006bmxx_it.o(i.PWM_TOF_IRQHandler)
    PendSV_Handler                           0x0000aa19   Thumb Code     2  bf7006bmxx_it.o(i.PendSV_Handler)
    Protect_Over_HighVol                     0x0000aa1d   Thumb Code   232  main.o(i.Protect_Over_HighVol)
    Protect_Under_HighVol                    0x0000ab29   Thumb Code   234  main.o(i.Protect_Under_HighVol)
    RTC_IRQHandler                           0x0000ac35   Thumb Code   168  bf7006bmxx_it.o(i.RTC_IRQHandler)
    SCI0_ERR_IRQHandler                      0x0000ad11   Thumb Code    10  bf7006bmxx_it.o(i.SCI0_ERR_IRQHandler)
    SCI0_RX_IRQHandler                       0x0000ad21   Thumb Code   104  bf7006bmxx_it.o(i.SCI0_RX_IRQHandler)
    SCI0_TX_IRQHandler                       0x0000ad91   Thumb Code    34  bf7006bmxx_it.o(i.SCI0_TX_IRQHandler)
    SCI1_ERR_IRQHandler                      0x0000adbd   Thumb Code    10  bf7006bmxx_it.o(i.SCI1_ERR_IRQHandler)
    SCI1_RX_IRQHandler                       0x0000adcd   Thumb Code    52  bf7006bmxx_it.o(i.SCI1_RX_IRQHandler)
    SCI1_TX_IRQHandler                       0x0000ae15   Thumb Code    10  bf7006bmxx_it.o(i.SCI1_TX_IRQHandler)
    SVC_Handler                              0x0000ae25   Thumb Code     2  bf7006bmxx_it.o(i.SVC_Handler)
    SYS_IRQHandler                           0x0000ae29   Thumb Code    56  bf7006bmxx_it.o(i.SYS_IRQHandler)
    ShortCircult_Protect                     0x0000ae6d   Thumb Code   256  main.o(i.ShortCircult_Protect)
    SysTick_Handler                          0x0000af95   Thumb Code    12  bf7006bmxx_it.o(i.SysTick_Handler)
    SystemCoreClockUpdate                    0x0000afa1   Thumb Code    84  system_bf7006bmxx.o(i.SystemCoreClockUpdate)
    SystemInit                               0x0000b019   Thumb Code     2  system_bf7006bmxx.o(i.SystemInit)
    TIMER0_IRQHandler                        0x0000b01d   Thumb Code    32  bf7006bmxx_it.o(i.TIMER0_IRQHandler)
    TIMER1_IRQHandler                        0x0000b045   Thumb Code    14  bf7006bmxx_it.o(i.TIMER1_IRQHandler)
    UnderVol_IGBT_Driver                     0x0000b059   Thumb Code   226  main.o(i.UnderVol_IGBT_Driver)
    Volt_Caculate                            0x0000b15d   Thumb Code   658  main.o(i.Volt_Caculate)
    _PCB_OverTemp                            0x0000b4d1   Thumb Code   234  main.o(i._PCB_OverTemp)
    __ARM_common_switch8                     0x0000b5dd   Thumb Code    28  dcan.o(i.__ARM_common_switch8)
    adc_channel_enable                       0x0000b7c9   Thumb Code    16  bf7006bmxx_adc.o(i.adc_channel_enable)
    adc_compare_config                       0x0000b8d9   Thumb Code   210  bf7006bmxx_adc.o(i.adc_compare_config)
    adc_config                               0x0000b9b1   Thumb Code    38  bf7006bmxx_config.o(i.adc_config)
    adc_data_get                             0x0000b9dd   Thumb Code     8  bf7006bmxx_adc.o(i.adc_data_get)
    adc_init                                 0x0000b9e9   Thumb Code   196  bf7006bmxx_adc.o(i.adc_init)
    adc_interrupt_set                        0x0000bab5   Thumb Code   110  bf7006bmxx_adc.o(i.adc_interrupt_set)
    adc_powerdown                            0x0000bb2d   Thumb Code    20  bf7006bmxx_adc.o(i.adc_powerdown)
    adc_start_convert                        0x0000bb5d   Thumb Code    26  bf7006bmxx_adc.o(i.adc_start_convert)
    adc_trigger_config                       0x0000bb7d   Thumb Code   170  bf7006bmxx_adc.o(i.adc_trigger_config)
    can_busoff                               0x0000bde9   Thumb Code   188  bf7006bmxx_app_can.o(i.can_busoff)
    can_clock_sel                            0x0000bec5   Thumb Code    42  bf7006bmxx_can.o(i.can_clock_sel)
    can_config                               0x0000bef5   Thumb Code    62  bf7006bmxx_config.o(i.can_config)
    can_init                                 0x0000c211   Thumb Code   312  bf7006bmxx_can.o(i.can_init)
    can_int_enable                           0x0000c355   Thumb Code    12  bf7006bmxx_can.o(i.can_int_enable)
    can_int_flag_clr                         0x0000c365   Thumb Code    12  bf7006bmxx_can.o(i.can_int_flag_clr)
    can_interrupt_flag_get                   0x0000c379   Thumb Code     8  bf7006bmxx_can.o(i.can_interrupt_flag_get)
    can_module_disable                       0x0000c385   Thumb Code     8  bf7006bmxx_can.o(i.can_module_disable)
    can_module_enable                        0x0000c391   Thumb Code     8  bf7006bmxx_can.o(i.can_module_enable)
    can_module_rst                           0x0000c39d   Thumb Code    12  bf7006bmxx_can.o(i.can_module_rst)
    can_read_arbitration_lost_code           0x0000c3ad   Thumb Code     8  bf7006bmxx_can.o(i.can_read_arbitration_lost_code)
    can_read_frame_error_code                0x0000c3b9   Thumb Code    16  bf7006bmxx_can.o(i.can_read_frame_error_code)
    can_receive_message                      0x0000c3cd   Thumb Code   214  bf7006bmxx_can.o(i.can_receive_message)
    can_status_get                           0x0000c4a9   Thumb Code     8  bf7006bmxx_can.o(i.can_status_get)
    can_transmit_abort                       0x0000c4b5   Thumb Code    14  bf7006bmxx_can.o(i.can_transmit_abort)
    can_transmit_message                     0x0000c4c9   Thumb Code   194  bf7006bmxx_can.o(i.can_transmit_message)
    can_transmit_request                     0x0000c591   Thumb Code    22  bf7006bmxx_can.o(i.can_transmit_request)
    can_wait_trans                           0x0000c5ad   Thumb Code    44  bf7006bmxx_can.o(i.can_wait_trans)
    clr_gpio_interrupt_state                 0x0000c5dd   Thumb Code   116  bf7006bmxx_gpio.o(i.clr_gpio_interrupt_state)
    clr_nmi_interrupt_flag                   0x0000c655   Thumb Code    14  bf7006bmxx_gpio.o(i.clr_nmi_interrupt_flag)
    delay                                    0x0000c669   Thumb Code    28  main.o(i.delay)
    eeprom_Nwords_get                        0x0000c685   Thumb Code    68  bf7006bmxx_eflash.o(i.eeprom_Nwords_get)
    eeprom_prog_Nwords                       0x0000c6cd   Thumb Code    46  bf7006bmxx_eflash.o(i.eeprom_prog_Nwords)
    eeprom_prog_word                         0x0000c6fd   Thumb Code    72  bf7006bmxx_eflash.o(i.eeprom_prog_word)
    eeprom_protect                           0x0000c74d   Thumb Code    40  bf7006bmxx_eflash.o(i.eeprom_protect)
    eeprom_sector_erase                      0x0000c781   Thumb Code    84  bf7006bmxx_eflash.o(i.eeprom_sector_erase)
    eeprom_word_get                          0x0000c7d9   Thumb Code    42  bf7006bmxx_eflash.o(i.eeprom_word_get)
    eflash_var_mark1                         0x0000c805   Thumb Code    16  bf7006bmxx_eflash.o(i.eflash_var_mark1)
    eflash_var_mark2                         0x0000c819   Thumb Code    20  bf7006bmxx_eflash.o(i.eflash_var_mark2)
    flash_prog_Nwords                        0x0000c83d   Thumb Code    46  bf7006bmxx_eflash.o(i.flash_prog_Nwords)
    flash_prog_word                          0x0000c86d   Thumb Code    80  bf7006bmxx_eflash.o(i.flash_prog_word)
    flash_protect                            0x0000c8d1   Thumb Code    40  bf7006bmxx_eflash.o(i.flash_protect)
    flash_sector_erase                       0x0000c905   Thumb Code   100  bf7006bmxx_eflash.o(i.flash_sector_erase)
    get_gpio_port_interrupt_state            0x0000c979   Thumb Code    68  bf7006bmxx_gpio.o(i.get_gpio_port_interrupt_state)
    gpio_bit_reset                           0x0000c9c1   Thumb Code     8  bf7006bmxx_gpio.o(i.gpio_bit_reset)
    gpio_bit_set                             0x0000c9c9   Thumb Code     8  bf7006bmxx_gpio.o(i.gpio_bit_set)
    gpio_config                              0x0000c9d1   Thumb Code    86  bf7006bmxx_config.o(i.gpio_config)
    gpio_init                                0x0000ca2d   Thumb Code    56  bf7006bmxx_gpio.o(i.gpio_init)
    is_can_txbuf_empty                       0x0000ca65   Thumb Code    20  bf7006bmxx_can.o(i.is_can_txbuf_empty)
    is_eeprom_idle                           0x0000ca7d   Thumb Code    20  bf7006bmxx_eflash.o(i.is_eeprom_idle)
    is_flash_idle                            0x0000ca91   Thumb Code    36  bf7006bmxx_eflash.o(i.is_flash_idle)
    lin_break_check_disable                  0x0000cabd   Thumb Code    10  bf7006bmxx_lin.o(i.lin_break_check_disable)
    lin_break_check_enable                   0x0000cac7   Thumb Code    10  bf7006bmxx_lin.o(i.lin_break_check_enable)
    lin_overtime_detect                      0x0000cad1   Thumb Code    52  bf7006bmxx_lin.o(i.lin_overtime_detect)
    lvdt_disable                             0x0000cb15   Thumb Code    14  bf7006bmxx_sysctrl.o(i.lvdt_disable)
    lvdt_enable                              0x0000cb29   Thumb Code    14  bf7006bmxx_sysctrl.o(i.lvdt_enable)
    lvdt_init                                0x0000cb3d   Thumb Code    82  bf7006bmxx_sysctrl.o(i.lvdt_init)
    lvdt_int_flag_clr                        0x0000cb99   Thumb Code     6  bf7006bmxx_sysctrl.o(i.lvdt_int_flag_clr)
    lvdt_int_flag_get                        0x0000cba5   Thumb Code     8  bf7006bmxx_sysctrl.o(i.lvdt_int_flag_get)
    main                                     0x0000cbb1   Thumb Code    12  main.o(i.main)
    peripherals_config                       0x0000cbbd   Thumb Code   150  bf7006bmxx_config.o(i.peripherals_config)
    pwm_ch0_if_clr                           0x0000cc55   Thumb Code    14  bf7006bmxx_pwm.o(i.pwm_ch0_if_clr)
    pwm_ch0_init                             0x0000cc69   Thumb Code    36  bf7006bmxx_pwm.o(i.pwm_ch0_init)
    pwm_ch1_if_clr                           0x0000cc91   Thumb Code    14  bf7006bmxx_pwm.o(i.pwm_ch1_if_clr)
    pwm_ch1_init                             0x0000cca5   Thumb Code    36  bf7006bmxx_pwm.o(i.pwm_ch1_init)
    pwm_ch2_if_clr                           0x0000cccd   Thumb Code    14  bf7006bmxx_pwm.o(i.pwm_ch2_if_clr)
    pwm_ch3_if_clr                           0x0000cce1   Thumb Code    14  bf7006bmxx_pwm.o(i.pwm_ch3_if_clr)
    pwm_ch4_if_clr                           0x0000ccf5   Thumb Code    14  bf7006bmxx_pwm.o(i.pwm_ch4_if_clr)
    pwm_ch5_if_clr                           0x0000cd09   Thumb Code    14  bf7006bmxx_pwm.o(i.pwm_ch5_if_clr)
    pwm_config                               0x0000cd1d   Thumb Code    30  bf7006bmxx_config.o(i.pwm_config)
    pwm_init                                 0x0000cd45   Thumb Code    36  bf7006bmxx_pwm.o(i.pwm_init)
    pwm_tof_clr                              0x0000cd6d   Thumb Code    14  bf7006bmxx_pwm.o(i.pwm_tof_clr)
    reset_filter                             0x0000cd81   Thumb Code    22  bf7006bmxx_sysctrl.o(i.reset_filter)
    rtc_config                               0x0000cd9d   Thumb Code    22  bf7006bmxx_config.o(i.rtc_config)
    rtc_init                                 0x0000cdb5   Thumb Code    70  bf7006bmxx_rtc.o(i.rtc_init)
    rtc_int_flag_clr                         0x0000ce05   Thumb Code    14  bf7006bmxx_rtc.o(i.rtc_int_flag_clr)
    sci_break_int_flag_clr                   0x0000ce19   Thumb Code    10  bf7006bmxx_sci.o(i.sci_break_int_flag_clr)
    sci_config                               0x0000ce23   Thumb Code     4  bf7006bmxx_config.o(i.sci_config)
    sci_data_get                             0x0000ce27   Thumb Code     8  bf7006bmxx_sci.o(i.sci_data_get)
    sci_err_int_flag_get                     0x0000ce2f   Thumb Code    10  bf7006bmxx_sci.o(i.sci_err_int_flag_get)
    sci_rx_edge_int_flag_clr                 0x0000ce39   Thumb Code    10  bf7006bmxx_sci.o(i.sci_rx_edge_int_flag_clr)
    sci_rx_int_flag_get                      0x0000ce43   Thumb Code    26  bf7006bmxx_sci.o(i.sci_rx_int_flag_get)
    sci_tx_int_flag_get                      0x0000ce5d   Thumb Code    12  bf7006bmxx_sci.o(i.sci_tx_int_flag_get)
    sys_init                                 0x0000ce69   Thumb Code   142  main.o(i.sys_init)
    system_clk_sel                           0x0000cf05   Thumb Code   194  bf7006bmxx_sysctrl.o(i.system_clk_sel)
    system_config                            0x0000cffd   Thumb Code    50  bf7006bmxx_config.o(i.system_config)
    system_intvector_offset                  0x0000d039   Thumb Code     6  bf7006bmxx_sysctrl.o(i.system_intvector_offset)
    timer_config                             0x0000d045   Thumb Code     4  bf7006bmxx_config.o(i.timer_config)
    timer_intflag_clr                        0x0000d049   Thumb Code    10  bf7006bmxx_timer.o(i.timer_intflag_clr)
    wait_eeprom_prog_erae_done               0x0000d055   Thumb Code    36  bf7006bmxx_eflash.o(i.wait_eeprom_prog_erae_done)
    wait_flash_prog_erae_done                0x0000d07d   Thumb Code    36  bf7006bmxx_eflash.o(i.wait_flash_prog_erae_done)
    wdt_cfg                                  0x0000d0a5   Thumb Code    28  bf7006bmxx_config.o(i.wdt_cfg)
    wdt_clear                                0x0000d0c5   Thumb Code     8  bf7006bmxx_wdt.o(i.wdt_clear)
    wdt_config                               0x0000d0d5   Thumb Code    12  bf7006bmxx_wdt.o(i.wdt_config)
    wdt_overflow_count                       0x0000d0e9   Thumb Code     6  bf7006bmxx_wdt.o(i.wdt_overflow_count)
    wdt_overflow_count_win                   0x0000d0f5   Thumb Code     6  bf7006bmxx_wdt.o(i.wdt_overflow_count_win)
    xtal_init                                0x0000d101   Thumb Code   314  bf7006bmxx_sysctrl.o(i.xtal_init)
    Temp_IGBTNum                             0x0000d2a8   Data         764  main.o(.constdata)
    Temp_PTCNum                              0x0000d5a4   Data         884  main.o(.constdata)
    didDataF187                              0x0000d95a   Data          12  dcan.o(.constdata)
    didDataF18A                              0x0000d966   Data          10  dcan.o(.constdata)
    didDataF197                              0x0000d970   Data          10  dcan.o(.constdata)
    didDataF193                              0x0000d97a   Data           2  dcan.o(.constdata)
    didDataF195                              0x0000d97c   Data           2  dcan.o(.constdata)
    Region$$Table$$Base                      0x0000da18   Number         0  anon$$obj.o(Region$$Table)
    Region$$Table$$Limit                     0x0000da38   Number         0  anon$$obj.o(Region$$Table)
    is_receive_can_frame                     0x2000001a   Data           1  main.o(.data)
    adcvalue1                                0x2000001c   Data           4  main.o(.data)
    adccount                                 0x20000020   Data           4  main.o(.data)
    uart_txdata                              0x20000024   Data          10  main.o(.data)
    uart_rxflag                              0x2000002e   Data           1  main.o(.data)
    uart_rxtime                              0x2000002f   Data           1  main.o(.data)
    uart_rxnum                               0x20000030   Data           1  main.o(.data)
    flashStartDeal                           0x20000031   Data           1  main.o(.data)
    flashData                                0x20000034   Data          16  main.o(.data)
    flashDataLen                             0x20000044   Data           4  main.o(.data)
    DCAN_19_01_DTC_CNT                       0x20000048   Data           1  main.o(.data)
    IsStartTestMyself                        0x20000049   Data           1  main.o(.data)
    Crrt_High                                0x2000004c   Data           4  main.o(.data)
    Crrt_High1                               0x20000050   Data           4  main.o(.data)
    Crrt_High2                               0x20000054   Data           4  main.o(.data)
    Curr_H                                   0x20000058   Data           4  main.o(.data)
    Crrt_High_max                            0x2000005c   Data           4  main.o(.data)
    Power_High                               0x20000060   Data           4  main.o(.data)
    Power_High1                              0x20000064   Data           4  main.o(.data)
    PowerSet_limit                           0x20000068   Data           4  main.o(.data)
    Volt_High22                              0x2000006c   Data           4  main.o(.data)
    Duty                                     0x20000070   Data           4  main.o(.data)
    Duty1                                    0x20000074   Data           4  main.o(.data)
    Duty2                                    0x20000078   Data           4  main.o(.data)
    Duty3                                    0x2000007c   Data           4  main.o(.data)
    Duty4                                    0x20000080   Data           4  main.o(.data)
    SetDutyFlag                              0x20000084   Data           4  main.o(.data)
    PWM_EN                                   0x20000088   Data           4  main.o(.data)
    PWM_EN1                                  0x2000008c   Data           1  main.o(.data)
    WorkPtcNum                               0x20000090   Data           4  main.o(.data)
    K1Value                                  0x20000094   Data           4  main.o(.data)
    K1                                       0x20000098   Data           4  main.o(.data)
    RK1                                      0x2000009c   Data           4  main.o(.data)
    IsK1                                     0x200000a0   Data           1  main.o(.data)
    K2                                       0x200000a4   Data           4  main.o(.data)
    K2hightime                               0x200000a8   Data           4  main.o(.data)
    K2lowtime                                0x200000ac   Data           4  main.o(.data)
    HLOCK_ERR                                0x200000b0   Data           1  main.o(.data)
    Cnt01                                    0x200000b1   Data           1  main.o(.data)
    Cnt02                                    0x200000b2   Data           1  main.o(.data)
    Cnt03                                    0x200000b3   Data           1  main.o(.data)
    Cnt04                                    0x200000b4   Data           1  main.o(.data)
    Cnt05                                    0x200000b5   Data           1  main.o(.data)
    Cnt06                                    0x200000b6   Data           1  main.o(.data)
    Cnt07                                    0x200000b7   Data           1  main.o(.data)
    Cnt08                                    0x200000b8   Data           1  main.o(.data)
    Cnt09                                    0x200000b9   Data           1  main.o(.data)
    Cnt10                                    0x200000ba   Data           1  main.o(.data)
    Cnt11                                    0x200000bb   Data           1  main.o(.data)
    Cnt12                                    0x200000bc   Data           1  main.o(.data)
    Cnt13                                    0x200000bd   Data           1  main.o(.data)
    Cnt14                                    0x200000be   Data           1  main.o(.data)
    Cnt15                                    0x200000bf   Data           1  main.o(.data)
    Cnt16                                    0x200000c0   Data           1  main.o(.data)
    Cnt17                                    0x200000c1   Data           1  main.o(.data)
    Cnt18                                    0x200000c2   Data           1  main.o(.data)
    Cnt19                                    0x200000c3   Data           1  main.o(.data)
    Cnt20                                    0x200000c4   Data           1  main.o(.data)
    Cnt21                                    0x200000c5   Data           1  main.o(.data)
    Cnt22                                    0x200000c6   Data           1  main.o(.data)
    Cnt23                                    0x200000c7   Data           1  main.o(.data)
    Cnt24                                    0x200000c8   Data           1  main.o(.data)
    Cnt25                                    0x200000c9   Data           1  main.o(.data)
    Cnt28                                    0x200000ca   Data           1  main.o(.data)
    Cnt29                                    0x200000cb   Data           1  main.o(.data)
    Cnt30                                    0x200000cc   Data           1  main.o(.data)
    Cnt31                                    0x200000cd   Data           1  main.o(.data)
    Cnt34                                    0x200000ce   Data           1  main.o(.data)
    Cnt35                                    0x200000cf   Data           1  main.o(.data)
    Cnt36                                    0x200000d0   Data           1  main.o(.data)
    Cnt37                                    0x200000d1   Data           1  main.o(.data)
    Cnt50                                    0x200000d2   Data           1  main.o(.data)
    Cnt51                                    0x200000d3   Data           1  main.o(.data)
    Cnt52                                    0x200000d4   Data           1  main.o(.data)
    Cnt53                                    0x200000d5   Data           1  main.o(.data)
    Cnt54                                    0x200000d6   Data           1  main.o(.data)
    Cnt55                                    0x200000d7   Data           1  main.o(.data)
    Cnt56                                    0x200000d8   Data           1  main.o(.data)
    Cnt57                                    0x200000d9   Data           1  main.o(.data)
    Cnt100                                   0x200000da   Data           1  main.o(.data)
    ADChannel                                0x200000db   Data           1  main.o(.data)
    j                                        0x200000dc   Data           1  main.o(.data)
    n                                        0x200000dd   Data           1  main.o(.data)
    o                                        0x200000de   Data           1  main.o(.data)
    p                                        0x200000df   Data           1  main.o(.data)
    q                                        0x200000e0   Data           1  main.o(.data)
    r                                        0x200000e1   Data           1  main.o(.data)
    s                                        0x200000e2   Data           1  main.o(.data)
    t                                        0x200000e3   Data           1  main.o(.data)
    u                                        0x200000e4   Data           1  main.o(.data)
    v                                        0x200000e5   Data           1  main.o(.data)
    w                                        0x200000e6   Data           1  main.o(.data)
    vv                                       0x200000e7   Data           1  main.o(.data)
    TempData                                 0x200000e8   Data           4  main.o(.data)
    Temp_IGBT                                0x200000ec   Data           4  main.o(.data)
    TIGBT1                                   0x200000f0   Data           4  main.o(.data)
    TIGBT11                                  0x200000f4   Data           4  main.o(.data)
    TIGBT12                                  0x200000f8   Data           4  main.o(.data)
    TIGBT13                                  0x200000fc   Data           4  main.o(.data)
    TIGBT14                                  0x20000100   Data           4  main.o(.data)
    TIGBT15                                  0x20000104   Data           4  main.o(.data)
    TIGBT17                                  0x20000108   Data           4  main.o(.data)
    AD_15V                                   0x2000010c   Data           4  main.o(.data)
    AD_15V1                                  0x20000110   Data           4  main.o(.data)
    AD_15V11                                 0x20000114   Data           4  main.o(.data)
    AD_15V12                                 0x20000118   Data           4  main.o(.data)
    AD_15V13                                 0x2000011c   Data           4  main.o(.data)
    AD_15V14                                 0x20000120   Data           4  main.o(.data)
    AD_15V15                                 0x20000124   Data           4  main.o(.data)
    AD_15V17                                 0x20000128   Data           4  main.o(.data)
    AD_Interlock                             0x2000012c   Data           4  main.o(.data)
    AD_Interlock1                            0x20000130   Data           4  main.o(.data)
    AD_Interlock11                           0x20000134   Data           4  main.o(.data)
    AD_Interlock12                           0x20000138   Data           4  main.o(.data)
    AD_Interlock13                           0x2000013c   Data           4  main.o(.data)
    AD_Interlock14                           0x20000140   Data           4  main.o(.data)
    AD_Interlock15                           0x20000144   Data           4  main.o(.data)
    AD_Interlock17                           0x20000148   Data           4  main.o(.data)
    Crrt1                                    0x2000014c   Data           4  main.o(.data)
    Crrt11                                   0x20000150   Data           4  main.o(.data)
    Crrt12                                   0x20000154   Data           4  main.o(.data)
    Temp_PTC1                                0x20000158   Data           4  main.o(.data)
    Temp_PTC2                                0x2000015c   Data           4  main.o(.data)
    Temp_PTC11                               0x20000160   Data           4  main.o(.data)
    Temp_PTC12                               0x20000164   Data           4  main.o(.data)
    Temp_PTC13                               0x20000168   Data           4  main.o(.data)
    TPTC1                                    0x2000016c   Data           4  main.o(.data)
    TPTC11                                   0x20000170   Data           4  main.o(.data)
    TPTC12                                   0x20000174   Data           4  main.o(.data)
    TPTC13                                   0x20000178   Data           4  main.o(.data)
    TPTC14                                   0x2000017c   Data           4  main.o(.data)
    TPTC15                                   0x20000180   Data           4  main.o(.data)
    TPTC17                                   0x20000184   Data           4  main.o(.data)
    TPTC2                                    0x20000188   Data           4  main.o(.data)
    TPTC21                                   0x2000018c   Data           4  main.o(.data)
    TPTC22                                   0x20000190   Data           4  main.o(.data)
    TPTC23                                   0x20000194   Data           4  main.o(.data)
    TPTC24                                   0x20000198   Data           4  main.o(.data)
    TPTC25                                   0x2000019c   Data           4  main.o(.data)
    TPTC27                                   0x200001a0   Data           4  main.o(.data)
    TPCB1                                    0x200001a4   Data           4  main.o(.data)
    TPCB11                                   0x200001a8   Data           4  main.o(.data)
    TPCB12                                   0x200001ac   Data           4  main.o(.data)
    TPCB13                                   0x200001b0   Data           4  main.o(.data)
    TPCB14                                   0x200001b4   Data           4  main.o(.data)
    TPCB15                                   0x200001b8   Data           4  main.o(.data)
    TPCB17                                   0x200001bc   Data           4  main.o(.data)
    Temp_LV                                  0x200001c0   Data           4  main.o(.data)
    TLV1                                     0x200001c4   Data           4  main.o(.data)
    TLV11                                    0x200001c8   Data           4  main.o(.data)
    TLV12                                    0x200001cc   Data           4  main.o(.data)
    TLV13                                    0x200001d0   Data           4  main.o(.data)
    TLV14                                    0x200001d4   Data           4  main.o(.data)
    TLV15                                    0x200001d8   Data           4  main.o(.data)
    TLV17                                    0x200001dc   Data           4  main.o(.data)
    Volt_High                                0x200001e0   Data           4  main.o(.data)
    Volt_High1                               0x200001e4   Data           4  main.o(.data)
    Volt_High2                               0x200001e8   Data           4  main.o(.data)
    Volt_High3                               0x200001ec   Data           4  main.o(.data)
    Volt_High4                               0x200001f0   Data           4  main.o(.data)
    Volt_High5                               0x200001f4   Data           4  main.o(.data)
    Volt_High6                               0x200001f8   Data           4  main.o(.data)
    Volt_High7                               0x200001fc   Data           4  main.o(.data)
    Volt_IGBTDriver                          0x20000200   Data           4  main.o(.data)
    Volt_IGBTDriver7                         0x20000204   Data           4  main.o(.data)
    WorkSts                                  0x20000208   Data           1  main.o(.data)
    WorkSts1                                 0x20000209   Data           1  main.o(.data)
    WorkSts2                                 0x2000020a   Data           1  main.o(.data)
    WorkSts3                                 0x2000020b   Data           1  main.o(.data)
    WorkSts4                                 0x2000020c   Data           1  main.o(.data)
    Fault1                                   0x2000020d   Data           1  main.o(.data)
    Fault2                                   0x2000020e   Data           1  main.o(.data)
    Fault3                                   0x2000020f   Data           1  main.o(.data)
    SFault                                   0x20000210   Data           1  main.o(.data)
    Volt_High_Flag                           0x20000211   Data           1  main.o(.data)
    Temp_PCB1                                0x20000214   Data           4  main.o(.data)
    OutOfTime                                0x20000218   Data           1  main.o(.data)
    PowerSet                                 0x2000021c   Data           4  main.o(.data)
    PowerTarget                              0x20000220   Data           4  main.o(.data)
    TempTarget                               0x20000224   Data           1  main.o(.data)
    OFF                                      0x20000225   Data           1  main.o(.data)
    T_Flag                                   0x20000226   Data           1  main.o(.data)
    can_send_flag                            0x20000228   Data           4  main.o(.data)
    led                                      0x2000022c   Data           1  main.o(.data)
    CAN_CFG_DIAG_NewMsgFlag                  0x20000290   Data           1  can_cfg.o(.data)
    CAN_CFG_DIAG_NewFunMsgFlag               0x20000291   Data           1  can_cfg.o(.data)
    CAN_CFG_DIAG_3E_NewMsgFlag               0x20000292   Data           1  can_cfg.o(.data)
    CAN_CFG_DIAG_3E_NewFunMsgFlag            0x20000293   Data           1  can_cfg.o(.data)
    g_recvCanDataRdy                         0x20000294   Data           1  can_cfg.o(.data)
    g_sendCanDataRdy                         0x20000295   Data           1  can_cfg.o(.data)
    CAN_TP_ConsecutiveFlag                   0x200002a2   Data           1  can_tp.o(.data)
    DCAN_ResponseType                        0x200002b3   Data           1  can_tp.o(.data)
    DCAN_SID3E_ResponseType                  0x200002b4   Data           1  can_tp.o(.data)
    ConsecutiveFrameComplete                 0x200002b5   Data           1  can_tp.o(.data)
    SERVICE_REQUEST_FLAG                     0x200002b6   Data           1  can_tp.o(.data)
    SERVICE_REQUEST_FLAG2                    0x200002b7   Data           1  can_tp.o(.data)
    SERVICE_REQUEST_FLAG_OLD                 0x200002b8   Data           1  can_tp.o(.data)
    g_time0IsBusy                            0x200002d2   Data           1  dcan.o(.data)
    DCAN_SID31_TaskPending                   0x200002d3   Data           1  dcan.o(.data)
    DCAN_MemAdr                              0x200002d4   Data           4  dcan.o(.data)
    DCAN_MemSize                             0x200002d8   Data           4  dcan.o(.data)
    DCAN_BlockStartAdr                       0x200002dc   Data           4  dcan.o(.data)
    DCAN_BlockMemTailSize                    0x200002e0   Data           4  dcan.o(.data)
    DCAN_CTRLMSG_STATUS                      0x200002e4   Data           1  dcan.o(.data)
    DCAN_TASK_STATUS                         0x200002e5   Data           1  dcan.o(.data)
    sid19_01_datapack                        0x200002f3   Data           4  dcan.o(.data)
    sid19_06_datapack                        0x200002f7   Data           7  dcan.o(.data)
    m_bx1902Earsed                           0x200002fe   Data           1  dcan.o(.data)
    m_bx1904Earsed                           0x200002ff   Data           1  dcan.o(.data)
    m_bx1906Earsed                           0x20000300   Data           1  dcan.o(.data)
    _p0x190ABUF                              0x20000304   Data           4  dcan.o(.data)
    is_busoff                                0x2000031e   Data           1  bf7006bmxx_app_can.o(.data)
    busoff_hold                              0x2000031f   Data           1  bf7006bmxx_app_can.o(.data)
    LIN0_Tx_Callback                         0x20000324   Data           4  bf7006bmxx_lin.o(.data)
    LIN0_Rx_Callback                         0x20000328   Data           4  bf7006bmxx_lin.o(.data)
    LIN1_Tx_Callback                         0x2000032c   Data           4  bf7006bmxx_lin.o(.data)
    LIN1_Rx_Callback                         0x20000330   Data           4  bf7006bmxx_lin.o(.data)
    LinResponseCallBack                      0x20000350   Data           4  bf7006bmxx_lin.o(.data)
    LinReceiveCallBack                       0x20000354   Data           4  bf7006bmxx_lin.o(.data)
    null_var                                 0x20000358   Data           4  bf7006bmxx_eflash.o(.data)
    eflash_select_var                        0x2000035c   Data           4  bf7006bmxx_eflash.o(.data)
    eflash_mode_var                          0x20000360   Data           4  bf7006bmxx_eflash.o(.data)
    eflash_ebcfg_var                         0x20000364   Data           4  bf7006bmxx_eflash.o(.data)
    eflash_flashstate_var                    0x20000368   Data           4  bf7006bmxx_eflash.o(.data)
    is_xtal_init_success                     0x2000036c   Data           1  bf7006bmxx_sysctrl.o(.data)
    xtal_timeout                             0x2000036d   Data           1  bf7006bmxx_sysctrl.o(.data)
    SystemCoreClock                          0x20000370   Data           4  system_bf7006bmxx.o(.data)
    can_transmit_data                        0x20000374   Data          20  main.o(.bss)
    can_receive_data                         0x20000388   Data          20  main.o(.bss)
    uart_rxdata                              0x2000039c   Data          50  main.o(.bss)
    ftemp                                    0x200003d0   Data          16  main.o(.bss)
    Crrt115                                  0x200003e0   Data         600  main.o(.bss)
    sendDataBuff                             0x20000638   Data          64  can_cfg.o(.bss)
    recvDataBuff                             0x20000678   Data          64  can_cfg.o(.bss)
    g_sendCANMsgInfo                         0x200006b8   Data          18  can_cfg.o(.bss)
    g_recvCANMsgInfo                         0x200006ca   Data          18  can_cfg.o(.bss)
    eepromMemList                            0x20000824   Data         256  dcan.o(.bss)
    dtc19_resp                               0x20000924   Data           9  dcan.o(.bss)
    sid19_04_datapack                        0x2000092d   Data          11  dcan.o(.bss)
    bus_off_frame                            0x20000a40   Data          20  bf7006bmxx_app_can.o(.bss)
    _random_number_data                      0x20000a54   Data         228  rand.o(.bss)
    __libspace_start                         0x20000b38   Data          96  libspace.o(.bss)
    __temporary_stack_top$libspace           0x20000b98   Data           0  libspace.o(.bss)



==============================================================================

Memory Map of the image

  Image Entry point : 0x000050c1

  Load Region LR_IROM1 (Base: 0x00005000, Size: 0x00008dac, Max: 0x00013000, ABSOLUTE, COMPRESSED[0x00008a90])

    Execution Region ER_IROM1 (Exec base: 0x00005000, Load base: 0x00005000, Size: 0x00008a38, Max: 0x00013000, ABSOLUTE)

    Exec Addr    Load Addr    Size         Type   Attr      Idx    E Section Name        Object

    0x00005000   0x00005000   0x000000c0   Data   RO         2696    RESET               startup_bf7006bmxx.o
    0x000050c0   0x000050c0   0x00000008   Code   RO         2756  * !!!main             c_p.l(__main.o)
    0x000050c8   0x000050c8   0x0000003c   Code   RO         2926    !!!scatter          c_p.l(__scatter.o)
    0x00005104   0x00005104   0x0000001c   Code   RO         2928    !!handler_zi        c_p.l(__scatter_zi.o)
    0x00005120   0x00005120   0x00000002   Code   RO         2847    .ARM.Collect$$libinit$$00000000  c_p.l(libinit.o)
    0x00005122   0x00005122   0x00000000   Code   RO         2764    .ARM.Collect$$libinit$$00000002  c_p.l(libinit2.o)
    0x00005122   0x00005122   0x00000000   Code   RO         2766    .ARM.Collect$$libinit$$00000004  c_p.l(libinit2.o)
    0x00005122   0x00005122   0x00000000   Code   RO         2769    .ARM.Collect$$libinit$$0000000A  c_p.l(libinit2.o)
    0x00005122   0x00005122   0x00000000   Code   RO         2771    .ARM.Collect$$libinit$$0000000C  c_p.l(libinit2.o)
    0x00005122   0x00005122   0x00000004   Code   RO         2772    .ARM.Collect$$libinit$$0000000D  c_p.l(libinit2.o)
    0x00005126   0x00005126   0x00000000   Code   RO         2773    .ARM.Collect$$libinit$$0000000E  c_p.l(libinit2.o)
    0x00005126   0x00005126   0x00000000   Code   RO         2776    .ARM.Collect$$libinit$$00000011  c_p.l(libinit2.o)
    0x00005126   0x00005126   0x00000000   Code   RO         2778    .ARM.Collect$$libinit$$00000013  c_p.l(libinit2.o)
    0x00005126   0x00005126   0x00000000   Code   RO         2780    .ARM.Collect$$libinit$$00000015  c_p.l(libinit2.o)
    0x00005126   0x00005126   0x00000000   Code   RO         2782    .ARM.Collect$$libinit$$00000017  c_p.l(libinit2.o)
    0x00005126   0x00005126   0x00000000   Code   RO         2784    .ARM.Collect$$libinit$$00000019  c_p.l(libinit2.o)
    0x00005126   0x00005126   0x00000000   Code   RO         2786    .ARM.Collect$$libinit$$0000001B  c_p.l(libinit2.o)
    0x00005126   0x00005126   0x00000000   Code   RO         2788    .ARM.Collect$$libinit$$0000001D  c_p.l(libinit2.o)
    0x00005126   0x00005126   0x00000000   Code   RO         2790    .ARM.Collect$$libinit$$0000001F  c_p.l(libinit2.o)
    0x00005126   0x00005126   0x00000000   Code   RO         2792    .ARM.Collect$$libinit$$00000021  c_p.l(libinit2.o)
    0x00005126   0x00005126   0x00000000   Code   RO         2794    .ARM.Collect$$libinit$$00000023  c_p.l(libinit2.o)
    0x00005126   0x00005126   0x00000000   Code   RO         2796    .ARM.Collect$$libinit$$00000025  c_p.l(libinit2.o)
    0x00005126   0x00005126   0x00000000   Code   RO         2800    .ARM.Collect$$libinit$$0000002C  c_p.l(libinit2.o)
    0x00005126   0x00005126   0x00000000   Code   RO         2802    .ARM.Collect$$libinit$$0000002E  c_p.l(libinit2.o)
    0x00005126   0x00005126   0x00000000   Code   RO         2804    .ARM.Collect$$libinit$$00000030  c_p.l(libinit2.o)
    0x00005126   0x00005126   0x00000000   Code   RO         2806    .ARM.Collect$$libinit$$00000032  c_p.l(libinit2.o)
    0x00005126   0x00005126   0x00000002   Code   RO         2807    .ARM.Collect$$libinit$$00000033  c_p.l(libinit2.o)
    0x00005128   0x00005128   0x00000002   Code   RO         2892    .ARM.Collect$$libshutdown$$00000000  c_p.l(libshutdown.o)
    0x0000512a   0x0000512a   0x00000000   Code   RO         2909    .ARM.Collect$$libshutdown$$00000003  c_p.l(libshutdown2.o)
    0x0000512a   0x0000512a   0x00000000   Code   RO         2912    .ARM.Collect$$libshutdown$$00000006  c_p.l(libshutdown2.o)
    0x0000512a   0x0000512a   0x00000000   Code   RO         2915    .ARM.Collect$$libshutdown$$00000009  c_p.l(libshutdown2.o)
    0x0000512a   0x0000512a   0x00000000   Code   RO         2917    .ARM.Collect$$libshutdown$$0000000B  c_p.l(libshutdown2.o)
    0x0000512a   0x0000512a   0x00000000   Code   RO         2920    .ARM.Collect$$libshutdown$$0000000E  c_p.l(libshutdown2.o)
    0x0000512a   0x0000512a   0x00000002   Code   RO         2921    .ARM.Collect$$libshutdown$$0000000F  c_p.l(libshutdown2.o)
    0x0000512c   0x0000512c   0x00000000   Code   RO         2758    .ARM.Collect$$rtentry$$00000000  c_p.l(__rtentry.o)
    0x0000512c   0x0000512c   0x00000000   Code   RO         2809    .ARM.Collect$$rtentry$$00000002  c_p.l(__rtentry2.o)
    0x0000512c   0x0000512c   0x00000006   Code   RO         2821    .ARM.Collect$$rtentry$$00000004  c_p.l(__rtentry4.o)
    0x00005132   0x00005132   0x00000000   Code   RO         2811    .ARM.Collect$$rtentry$$00000009  c_p.l(__rtentry2.o)
    0x00005132   0x00005132   0x00000004   Code   RO         2812    .ARM.Collect$$rtentry$$0000000A  c_p.l(__rtentry2.o)
    0x00005136   0x00005136   0x00000000   Code   RO         2814    .ARM.Collect$$rtentry$$0000000C  c_p.l(__rtentry2.o)
    0x00005136   0x00005136   0x00000008   Code   RO         2815    .ARM.Collect$$rtentry$$0000000D  c_p.l(__rtentry2.o)
    0x0000513e   0x0000513e   0x00000002   Code   RO         2854    .ARM.Collect$$rtexit$$00000000  c_p.l(rtexit.o)
    0x00005140   0x00005140   0x00000000   Code   RO         2874    .ARM.Collect$$rtexit$$00000002  c_p.l(rtexit2.o)
    0x00005140   0x00005140   0x00000004   Code   RO         2875    .ARM.Collect$$rtexit$$00000003  c_p.l(rtexit2.o)
    0x00005144   0x00005144   0x00000006   Code   RO         2876    .ARM.Collect$$rtexit$$00000004  c_p.l(rtexit2.o)
    0x0000514a   0x0000514a   0x00000002   PAD
    0x0000514c   0x0000514c   0x00000038   Code   RO         2735    .emb_text           c_p.l(rand.o)
    0x00005184   0x00005184   0x00000038   Code   RO         2740    .emb_text           c_p.l(rt_memcpy.o)
    0x000051bc   0x000051bc   0x00000038   Code   RO         2697    .text               startup_bf7006bmxx.o
    0x000051f4   0x000051f4   0x0000003c   Code   RO         2736    .text               c_p.l(rand.o)
    0x00005230   0x00005230   0x00000082   Code   RO         2741    .text               c_p.l(rt_memcpy.o)
    0x000052b2   0x000052b2   0x00000040   Code   RO         2744    .text               c_p.l(rt_memclr.o)
    0x000052f2   0x000052f2   0x00000022   Code   RO         2746    .text               c_p.l(uread4.o)
    0x00005314   0x00005314   0x00000010   Code   RO         2748    .text               c_p.l(uwrite4.o)
    0x00005324   0x00005324   0x0000015a   Code   RO         2750    .text               c_p.l(aeabi_sdiv.o)
    0x0000547e   0x0000547e   0x00000006   Code   RO         2754    .text               c_p.l(heapauxi.o)
    0x00005484   0x00005484   0x0000003e   Code   RO         2829    .text               c_p.l(sys_stackheap_outer.o)
    0x000054c2   0x000054c2   0x0000000c   Code   RO         2832    .text               c_p.l(exit.o)
    0x000054ce   0x000054ce   0x00000002   PAD
    0x000054d0   0x000054d0   0x00000008   Code   RO         2850    .text               c_p.l(libspace.o)
    0x000054d8   0x000054d8   0x0000000c   Code   RO         2868    .text               c_p.l(sys_exit.o)
    0x000054e4   0x000054e4   0x00000002   Code   RO         2870    .text               c_p.l(use_no_semi.o)
    0x000054e6   0x000054e6   0x00000000   Code   RO         2872    .text               c_p.l(indicate_semi.o)
    0x000054e6   0x000054e6   0x00000056   Code   RO         2924    .text               c_p.l(__dczerorl2.o)
    0x0000553c   0x0000553c   0x00000474   Code   RO          318    i.ADC_IRQHandler    bf7006bmxx_it.o
    0x000059b0   0x000059b0   0x00000010   Code   RO            3    i.App_Core_1        main.o
    0x000059c0   0x000059c0   0x0000006c   Code   RO            4    i.App_Core_2        main.o
    0x00005a2c   0x00005a2c   0x00000074   Code   RO          319    i.CAN_ERR_IRQHandler  bf7006bmxx_it.o
    0x00005aa0   0x00005aa0   0x00000030   Code   RO          320    i.CAN_RX_IRQHandler  bf7006bmxx_it.o
    0x00005ad0   0x00005ad0   0x0000017c   Code   RO            5    i.CAN_ReceiveMsg    main.o
    0x00005c4c   0x00005c4c   0x00000020   Code   RO          321    i.CAN_TX_IRQHandler  bf7006bmxx_it.o
    0x00005c6c   0x00005c6c   0x0000000e   Code   RO          322    i.CAN_WAKE_IRQHandler  bf7006bmxx_it.o
    0x00005c7a   0x00005c7a   0x00000038   Code   RO          790    i.COMM_CANTP_FrameFill  can_tp.o
    0x00005cb2   0x00005cb2   0x00000002   PAD
    0x00005cb4   0x00005cb4   0x00000008   Code   RO          791    i.COMM_CANTP_GetRxBuff  can_tp.o
    0x00005cbc   0x00005cbc   0x00000008   Code   RO          792    i.COMM_CANTP_GetRxBuff2  can_tp.o
    0x00005cc4   0x00005cc4   0x00000008   Code   RO          793    i.COMM_CANTP_GetTxBuff  can_tp.o
    0x00005ccc   0x00005ccc   0x00000008   Code   RO          794    i.COMM_CANTP_GetTxBuff2  can_tp.o
    0x00005cd4   0x00005cd4   0x000000cc   Code   RO          795    i.COMM_CANTP_Init   can_tp.o
    0x00005da0   0x00005da0   0x000000e0   Code   RO          796    i.COMM_CANTP_RX_ConsecutiveFrameProcess  can_tp.o
    0x00005e80   0x00005e80   0x0000007c   Code   RO          797    i.COMM_CANTP_RX_FirstFrameProcess  can_tp.o
    0x00005efc   0x00005efc   0x00000002   Code   RO          798    i.COMM_CANTP_RX_FlowCtrlFrameProcess  can_tp.o
    0x00005efe   0x00005efe   0x00000002   PAD
    0x00005f00   0x00005f00   0x0000011c   Code   RO          799    i.COMM_CANTP_RX_MsgProcess  can_tp.o
    0x0000601c   0x0000601c   0x00000070   Code   RO          800    i.COMM_CANTP_RX_SingleFrameProcess  can_tp.o
    0x0000608c   0x0000608c   0x0000000c   Code   RO          801    i.COMM_CANTP_Service_3E_Request  can_tp.o
    0x00006098   0x00006098   0x0000000c   Code   RO          802    i.COMM_CANTP_Service_Request  can_tp.o
    0x000060a4   0x000060a4   0x00000040   Code   RO          803    i.COMM_CANTP_TX_3E_MsgProcess  can_tp.o
    0x000060e4   0x000060e4   0x000000c0   Code   RO          804    i.COMM_CANTP_TX_ConsecutiveFrameProcess  can_tp.o
    0x000061a4   0x000061a4   0x00000074   Code   RO          805    i.COMM_CANTP_TX_FirstFrameProcess  can_tp.o
    0x00006218   0x00006218   0x000000d8   Code   RO          806    i.COMM_CANTP_TX_FlowCtrlFrameProcess  can_tp.o
    0x000062f0   0x000062f0   0x00000140   Code   RO          807    i.COMM_CANTP_TX_MsgProcess  can_tp.o
    0x00006430   0x00006430   0x00000060   Code   RO          808    i.COMM_CANTP_TX_SingleFrameProcess  can_tp.o
    0x00006490   0x00006490   0x00000024   Code   RO          809    i.COMM_CANTP_USDT_TX_ConsecutiveFrame  can_tp.o
    0x000064b4   0x000064b4   0x00000030   Code   RO          810    i.COMM_CANTP_USDT_TX_SingleFrame  can_tp.o
    0x000064e4   0x000064e4   0x00000104   Code   RO          753    i.COMM_CAN_CFG_RX   can_cfg.o
    0x000065e8   0x000065e8   0x00000064   Code   RO          754    i.COMM_CAN_CFG_TX   can_cfg.o
    0x0000664c   0x0000664c   0x00000058   Code   RO          755    i.COMM_CAN_Init     can_cfg.o
    0x000066a4   0x000066a4   0x00000020   Code   RO            6    i.Cal_Snapshot_Value  main.o
    0x000066c4   0x000066c4   0x000000bc   Code   RO            7    i.Comm_Overtime     main.o
    0x00006780   0x00006780   0x0000016c   Code   RO            8    i.Current_Sampling  main.o
    0x000068ec   0x000068ec   0x000001c8   Code   RO          936    i.DCAN_DtrmnService  dcan.o
    0x00006ab4   0x00006ab4   0x000000f4   Code   RO          937    i.DCAN_GenericNegResponse  dcan.o
    0x00006ba8   0x00006ba8   0x000000fa   Code   RO          938    i.DCAN_GenericPosResponse  dcan.o
    0x00006ca2   0x00006ca2   0x00000002   PAD
    0x00006ca4   0x00006ca4   0x000000dc   Code   RO          939    i.DCAN_Init         dcan.o
    0x00006d80   0x00006d80   0x00000094   Code   RO          940    i.DCAN_NRC78_Respose  dcan.o
    0x00006e14   0x00006e14   0x000000c8   Code   RO          941    i.DCAN_NRC78_Send_Task  dcan.o
    0x00006edc   0x00006edc   0x00000044   Code   RO          942    i.DCAN_PerfmSoftReset  dcan.o
    0x00006f20   0x00006f20   0x0000012c   Code   RO          943    i.DCAN_PerformService10  dcan.o
    0x0000704c   0x0000704c   0x0000017c   Code   RO          944    i.DCAN_PerformService11  dcan.o
    0x000071c8   0x000071c8   0x00000120   Code   RO          945    i.DCAN_PerformService14  dcan.o
    0x000072e8   0x000072e8   0x0000098c   Code   RO          946    i.DCAN_PerformService19  dcan.o
    0x00007c74   0x00007c74   0x0000018c   Code   RO          947    i.DCAN_PerformService22  dcan.o
    0x00007e00   0x00007e00   0x000001a8   Code   RO          948    i.DCAN_PerformService27  dcan.o
    0x00007fa8   0x00007fa8   0x000001e8   Code   RO          949    i.DCAN_PerformService28  dcan.o
    0x00008190   0x00008190   0x00000218   Code   RO          950    i.DCAN_PerformService2E  dcan.o
    0x000083a8   0x000083a8   0x000000d4   Code   RO          952    i.DCAN_PerformService85  dcan.o
    0x0000847c   0x0000847c   0x00000102   Code   RO          953    i.DCAN_SID10_PosResponse  dcan.o
    0x0000857e   0x0000857e   0x0000003e   Code   RO          954    i.DCAN_SID14_PosResponse  dcan.o
    0x000085bc   0x000085bc   0x000000c8   Code   RO          955    i.DCAN_SID22_PosResponse  dcan.o
    0x00008684   0x00008684   0x000001c8   Code   RO          956    i.DCAN_SID27_SendSeed  dcan.o
    0x0000884c   0x0000884c   0x000001a4   Code   RO          957    i.DCAN_SID27_VerifyKey  dcan.o
    0x000089f0   0x000089f0   0x00000090   Code   RO          958    i.DCAN_SID2E_PosResponse  dcan.o
    0x00008a80   0x00008a80   0x0000003c   Code   RO          959    i.DCAN_WriteDTC01   dcan.o
    0x00008abc   0x00008abc   0x000000bc   Code   RO          960    i.DCAN_WriteDTC02   dcan.o
    0x00008b78   0x00008b78   0x00000230   Code   RO          961    i.DCAN_WriteDTC04   dcan.o
    0x00008da8   0x00008da8   0x000000d0   Code   RO          962    i.DCAN_WriteDTC06   dcan.o
    0x00008e78   0x00008e78   0x00000488   Code   RO          963    i.DCAN_WriteDTC0A   dcan.o
    0x00009300   0x00009300   0x00000052   Code   RO          964    i.DRV_WriteData1Eeprom  dcan.o
    0x00009352   0x00009352   0x00000002   PAD
    0x00009354   0x00009354   0x0000007c   Code   RO          965    i.DRV_WriteData2Eeprom  dcan.o
    0x000093d0   0x000093d0   0x0000007c   Code   RO          966    i.DRV_WriteData4Eeprom  dcan.o
    0x0000944c   0x0000944c   0x0000007c   Code   RO          967    i.DRV_WriteData6Eeprom  dcan.o
    0x000094c8   0x000094c8   0x00000044   Code   RO            9    i.DutyCycle_Output  main.o
    0x0000950c   0x0000950c   0x0000001c   Code   RO          968    i.EFLS_DRV_FlashReadyCheck  dcan.o
    0x00009528   0x00009528   0x00000014   Code   RO          969    i.EFLS_DRV_Read_Data_From_Eemprom  dcan.o
    0x0000953c   0x0000953c   0x000000b4   Code   RO          970    i.EFLS_DRV_Write_Data_To_Eemprom  dcan.o
    0x000095f0   0x000095f0   0x000002f0   Code   RO           10    i.Fault_Ouput       main.o
    0x000098e0   0x000098e0   0x00000040   Code   RO          323    i.GPIO_IRQHandler   bf7006bmxx_it.o
    0x00009920   0x00009920   0x00000054   Code   RO           11    i.GetIGBTTemp       main.o
    0x00009974   0x00009974   0x00000054   Code   RO           12    i.GetPTCTemp        main.o
    0x000099c8   0x000099c8   0x00000004   Code   RO          324    i.HardFault_Handler  bf7006bmxx_it.o
    0x000099cc   0x000099cc   0x00000320   Code   RO           13    i.Heating           main.o
    0x00009cec   0x00009cec   0x00000038   Code   RO           14    i.HighVol_InterLocking  main.o
    0x00009d24   0x00009d24   0x0000010c   Code   RO           15    i.IGBTOver_Temp     main.o
    0x00009e30   0x00009e30   0x000000d4   Code   RO           16    i.IGBT_Breakdown    main.o
    0x00009f04   0x00009f04   0x000000fc   Code   RO           17    i.IGBT_TempSensor_OpenCirult  main.o
    0x0000a000   0x0000a000   0x000000fc   Code   RO           18    i.IGBT_TempSensor_ShortCircult  main.o
    0x0000a0fc   0x0000a0fc   0x000000e4   Code   RO           19    i.IGBT_or_PTC_OpenCircult  main.o
    0x0000a1e0   0x0000a1e0   0x00000010   Code   RO          325    i.LVDT_IRQHandler   bf7006bmxx_it.o
    0x0000a1f0   0x0000a1f0   0x00000008   Code   RO          326    i.NMI_Handler       bf7006bmxx_it.o
    0x0000a1f8   0x0000a1f8   0x0000001a   Code   RO          701    i.OSTK_Delayus      ostk.o
    0x0000a212   0x0000a212   0x00000002   PAD
    0x0000a214   0x0000a214   0x00000038   Code   RO          702    i.OSTK_Init         ostk.o
    0x0000a24c   0x0000a24c   0x00000038   Code   RO          703    i.OSTK_TaskHandler  ostk.o
    0x0000a284   0x0000a284   0x00000060   Code   RO          704    i.OSTK_TaskSchedule  ostk.o
    0x0000a2e4   0x0000a2e4   0x000000fc   Code   RO           20    i.OverCurrent_HighVol  main.o
    0x0000a3e0   0x0000a3e0   0x00000104   Code   RO           21    i.OverVol_IGBT_Driver  main.o
    0x0000a4e4   0x0000a4e4   0x000000fc   Code   RO           22    i.PCB_TempSensor_OpenCircult  main.o
    0x0000a5e0   0x0000a5e0   0x000000fc   Code   RO           23    i.PCB_TempSensor_ShortCircult  main.o
    0x0000a6dc   0x0000a6dc   0x0000010c   Code   RO           24    i.PTC1_OverTemp     main.o
    0x0000a7e8   0x0000a7e8   0x000000fc   Code   RO           25    i.PTC1_TempSensor_OpenCircult  main.o
    0x0000a8e4   0x0000a8e4   0x000000fc   Code   RO           26    i.PTC1_TempSensor_ShortCircult  main.o
    0x0000a9e0   0x0000a9e0   0x00000008   Code   RO          327    i.PWM_CH0_IRQHandler  bf7006bmxx_it.o
    0x0000a9e8   0x0000a9e8   0x00000008   Code   RO          328    i.PWM_CH1_IRQHandler  bf7006bmxx_it.o
    0x0000a9f0   0x0000a9f0   0x00000008   Code   RO          329    i.PWM_CH2_IRQHandler  bf7006bmxx_it.o
    0x0000a9f8   0x0000a9f8   0x00000008   Code   RO          330    i.PWM_CH3_IRQHandler  bf7006bmxx_it.o
    0x0000aa00   0x0000aa00   0x00000008   Code   RO          331    i.PWM_CH4_IRQHandler  bf7006bmxx_it.o
    0x0000aa08   0x0000aa08   0x00000008   Code   RO          332    i.PWM_CH5_IRQHandler  bf7006bmxx_it.o
    0x0000aa10   0x0000aa10   0x00000008   Code   RO          333    i.PWM_TOF_IRQHandler  bf7006bmxx_it.o
    0x0000aa18   0x0000aa18   0x00000002   Code   RO          334    i.PendSV_Handler    bf7006bmxx_it.o
    0x0000aa1a   0x0000aa1a   0x00000002   PAD
    0x0000aa1c   0x0000aa1c   0x0000010c   Code   RO           30    i.Protect_Over_HighVol  main.o
    0x0000ab28   0x0000ab28   0x0000010c   Code   RO           31    i.Protect_Under_HighVol  main.o
    0x0000ac34   0x0000ac34   0x000000dc   Code   RO          335    i.RTC_IRQHandler    bf7006bmxx_it.o
    0x0000ad10   0x0000ad10   0x00000010   Code   RO          336    i.SCI0_ERR_IRQHandler  bf7006bmxx_it.o
    0x0000ad20   0x0000ad20   0x00000070   Code   RO          337    i.SCI0_RX_IRQHandler  bf7006bmxx_it.o
    0x0000ad90   0x0000ad90   0x0000002c   Code   RO          338    i.SCI0_TX_IRQHandler  bf7006bmxx_it.o
    0x0000adbc   0x0000adbc   0x00000010   Code   RO          339    i.SCI1_ERR_IRQHandler  bf7006bmxx_it.o
    0x0000adcc   0x0000adcc   0x00000048   Code   RO          340    i.SCI1_RX_IRQHandler  bf7006bmxx_it.o
    0x0000ae14   0x0000ae14   0x00000010   Code   RO          341    i.SCI1_TX_IRQHandler  bf7006bmxx_it.o
    0x0000ae24   0x0000ae24   0x00000002   Code   RO          342    i.SVC_Handler       bf7006bmxx_it.o
    0x0000ae26   0x0000ae26   0x00000002   PAD
    0x0000ae28   0x0000ae28   0x00000044   Code   RO          343    i.SYS_IRQHandler    bf7006bmxx_it.o
    0x0000ae6c   0x0000ae6c   0x00000128   Code   RO           32    i.ShortCircult_Protect  main.o
    0x0000af94   0x0000af94   0x0000000c   Code   RO          344    i.SysTick_Handler   bf7006bmxx_it.o
    0x0000afa0   0x0000afa0   0x00000078   Code   RO         2703    i.SystemCoreClockUpdate  system_bf7006bmxx.o
    0x0000b018   0x0000b018   0x00000002   Code   RO         2704    i.SystemInit        system_bf7006bmxx.o
    0x0000b01a   0x0000b01a   0x00000002   PAD
    0x0000b01c   0x0000b01c   0x00000028   Code   RO          345    i.TIMER0_IRQHandler  bf7006bmxx_it.o
    0x0000b044   0x0000b044   0x00000014   Code   RO          346    i.TIMER1_IRQHandler  bf7006bmxx_it.o
    0x0000b058   0x0000b058   0x00000104   Code   RO           33    i.UnderVol_IGBT_Driver  main.o
    0x0000b15c   0x0000b15c   0x00000374   Code   RO           34    i.Volt_Caculate     main.o
    0x0000b4d0   0x0000b4d0   0x0000010c   Code   RO           35    i._PCB_OverTemp     main.o
    0x0000b5dc   0x0000b5dc   0x0000001c   Code   RO         1171    i.__ARM_common_switch8  dcan.o
    0x0000b5f8   0x0000b5f8   0x00000038   Code   RO         1407    i.__NVIC_DisableIRQ  bf7006bmxx_can.o
    0x0000b630   0x0000b630   0x00000038   Code   RO         1880    i.__NVIC_DisableIRQ  bf7006bmxx_pwm.o
    0x0000b668   0x0000b668   0x00000038   Code   RO         2108    i.__NVIC_DisableIRQ  bf7006bmxx_rtc.o
    0x0000b6a0   0x0000b6a0   0x00000038   Code   RO         2349    i.__NVIC_DisableIRQ  bf7006bmxx_sysctrl.o
    0x0000b6d8   0x0000b6d8   0x00000018   Code   RO         1408    i.__NVIC_EnableIRQ  bf7006bmxx_can.o
    0x0000b6f0   0x0000b6f0   0x00000018   Code   RO         1595    i.__NVIC_EnableIRQ  bf7006bmxx_eflash.o
    0x0000b708   0x0000b708   0x00000018   Code   RO         1881    i.__NVIC_EnableIRQ  bf7006bmxx_pwm.o
    0x0000b720   0x0000b720   0x00000018   Code   RO         2109    i.__NVIC_EnableIRQ  bf7006bmxx_rtc.o
    0x0000b738   0x0000b738   0x00000018   Code   RO         2350    i.__NVIC_EnableIRQ  bf7006bmxx_sysctrl.o
    0x0000b750   0x0000b750   0x00000078   Code   RO          705    i.__NVIC_SetPriority  ostk.o
    0x0000b7c8   0x0000b7c8   0x00000014   Code   RO         1315    i.adc_channel_enable  bf7006bmxx_adc.o
    0x0000b7dc   0x0000b7dc   0x000000fc   Code   RO         1316    i.adc_clk_init      bf7006bmxx_adc.o
    0x0000b8d8   0x0000b8d8   0x000000d8   Code   RO         1317    i.adc_compare_config  bf7006bmxx_adc.o
    0x0000b9b0   0x0000b9b0   0x0000002c   Code   RO         2618    i.adc_config        bf7006bmxx_config.o
    0x0000b9dc   0x0000b9dc   0x0000000c   Code   RO         1318    i.adc_data_get      bf7006bmxx_adc.o
    0x0000b9e8   0x0000b9e8   0x000000cc   Code   RO         1319    i.adc_init          bf7006bmxx_adc.o
    0x0000bab4   0x0000bab4   0x00000078   Code   RO         1320    i.adc_interrupt_set  bf7006bmxx_adc.o
    0x0000bb2c   0x0000bb2c   0x00000018   Code   RO         1321    i.adc_powerdown     bf7006bmxx_adc.o
    0x0000bb44   0x0000bb44   0x00000018   Code   RO         1322    i.adc_reg_config    bf7006bmxx_adc.o
    0x0000bb5c   0x0000bb5c   0x00000020   Code   RO         1323    i.adc_start_convert  bf7006bmxx_adc.o
    0x0000bb7c   0x0000bb7c   0x000000b4   Code   RO         1324    i.adc_trigger_config  bf7006bmxx_adc.o
    0x0000bc30   0x0000bc30   0x000001b8   Code   RO         1409    i.can_baud_set      bf7006bmxx_can.o
    0x0000bde8   0x0000bde8   0x000000dc   Code   RO         1185    i.can_busoff        bf7006bmxx_app_can.o
    0x0000bec4   0x0000bec4   0x00000030   Code   RO         1410    i.can_clock_sel     bf7006bmxx_can.o
    0x0000bef4   0x0000bef4   0x00000044   Code   RO         2619    i.can_config        bf7006bmxx_config.o
    0x0000bf38   0x0000bf38   0x000002d8   Code   RO         1411    i.can_filter_init   bf7006bmxx_can.o
    0x0000c210   0x0000c210   0x00000144   Code   RO         1415    i.can_init          bf7006bmxx_can.o
    0x0000c354   0x0000c354   0x00000010   Code   RO         1417    i.can_int_enable    bf7006bmxx_can.o
    0x0000c364   0x0000c364   0x00000014   Code   RO         1418    i.can_int_flag_clr  bf7006bmxx_can.o
    0x0000c378   0x0000c378   0x0000000c   Code   RO         1419    i.can_interrupt_flag_get  bf7006bmxx_can.o
    0x0000c384   0x0000c384   0x0000000c   Code   RO         1420    i.can_module_disable  bf7006bmxx_can.o
    0x0000c390   0x0000c390   0x0000000c   Code   RO         1421    i.can_module_enable  bf7006bmxx_can.o
    0x0000c39c   0x0000c39c   0x00000010   Code   RO         1422    i.can_module_rst    bf7006bmxx_can.o
    0x0000c3ac   0x0000c3ac   0x0000000c   Code   RO         1423    i.can_read_arbitration_lost_code  bf7006bmxx_can.o
    0x0000c3b8   0x0000c3b8   0x00000014   Code   RO         1424    i.can_read_frame_error_code  bf7006bmxx_can.o
    0x0000c3cc   0x0000c3cc   0x000000dc   Code   RO         1425    i.can_receive_message  bf7006bmxx_can.o
    0x0000c4a8   0x0000c4a8   0x0000000c   Code   RO         1428    i.can_status_get    bf7006bmxx_can.o
    0x0000c4b4   0x0000c4b4   0x00000014   Code   RO         1429    i.can_transmit_abort  bf7006bmxx_can.o
    0x0000c4c8   0x0000c4c8   0x000000c8   Code   RO         1430    i.can_transmit_message  bf7006bmxx_can.o
    0x0000c590   0x0000c590   0x0000001c   Code   RO         1431    i.can_transmit_request  bf7006bmxx_can.o
    0x0000c5ac   0x0000c5ac   0x00000030   Code   RO         1432    i.can_wait_trans    bf7006bmxx_can.o
    0x0000c5dc   0x0000c5dc   0x00000078   Code   RO         1776    i.clr_gpio_interrupt_state  bf7006bmxx_gpio.o
    0x0000c654   0x0000c654   0x00000014   Code   RO         1777    i.clr_nmi_interrupt_flag  bf7006bmxx_gpio.o
    0x0000c668   0x0000c668   0x0000001c   Code   RO           36    i.delay             main.o
    0x0000c684   0x0000c684   0x00000048   Code   RO         1599    i.eeprom_Nwords_get  bf7006bmxx_eflash.o
    0x0000c6cc   0x0000c6cc   0x0000002e   Code   RO         1601    i.eeprom_prog_Nwords  bf7006bmxx_eflash.o
    0x0000c6fa   0x0000c6fa   0x00000002   PAD
    0x0000c6fc   0x0000c6fc   0x00000050   Code   RO         1602    i.eeprom_prog_word  bf7006bmxx_eflash.o
    0x0000c74c   0x0000c74c   0x00000034   Code   RO         1603    i.eeprom_protect    bf7006bmxx_eflash.o
    0x0000c780   0x0000c780   0x00000058   Code   RO         1604    i.eeprom_sector_erase  bf7006bmxx_eflash.o
    0x0000c7d8   0x0000c7d8   0x0000002a   Code   RO         1605    i.eeprom_word_get   bf7006bmxx_eflash.o
    0x0000c802   0x0000c802   0x00000002   PAD
    0x0000c804   0x0000c804   0x00000014   Code   RO         1607    i.eflash_var_mark1  bf7006bmxx_eflash.o
    0x0000c818   0x0000c818   0x00000024   Code   RO         1608    i.eflash_var_mark2  bf7006bmxx_eflash.o
    0x0000c83c   0x0000c83c   0x0000002e   Code   RO         1612    i.flash_prog_Nwords  bf7006bmxx_eflash.o
    0x0000c86a   0x0000c86a   0x00000002   PAD
    0x0000c86c   0x0000c86c   0x00000064   Code   RO         1613    i.flash_prog_word   bf7006bmxx_eflash.o
    0x0000c8d0   0x0000c8d0   0x00000034   Code   RO         1614    i.flash_protect     bf7006bmxx_eflash.o
    0x0000c904   0x0000c904   0x00000074   Code   RO         1615    i.flash_sector_erase  bf7006bmxx_eflash.o
    0x0000c978   0x0000c978   0x00000048   Code   RO         1779    i.get_gpio_port_interrupt_state  bf7006bmxx_gpio.o
    0x0000c9c0   0x0000c9c0   0x00000008   Code   RO         1781    i.gpio_bit_reset    bf7006bmxx_gpio.o
    0x0000c9c8   0x0000c9c8   0x00000008   Code   RO         1782    i.gpio_bit_set      bf7006bmxx_gpio.o
    0x0000c9d0   0x0000c9d0   0x0000005c   Code   RO         2620    i.gpio_config       bf7006bmxx_config.o
    0x0000ca2c   0x0000ca2c   0x00000038   Code   RO         1784    i.gpio_init         bf7006bmxx_gpio.o
    0x0000ca64   0x0000ca64   0x00000018   Code   RO         1434    i.is_can_txbuf_empty  bf7006bmxx_can.o
    0x0000ca7c   0x0000ca7c   0x00000014   Code   RO         1617    i.is_eeprom_idle    bf7006bmxx_eflash.o
    0x0000ca90   0x0000ca90   0x0000002c   Code   RO         1618    i.is_flash_idle     bf7006bmxx_eflash.o
    0x0000cabc   0x0000cabc   0x0000000a   Code   RO         1215    i.lin_break_check_disable  bf7006bmxx_lin.o
    0x0000cac6   0x0000cac6   0x0000000a   Code   RO         1216    i.lin_break_check_enable  bf7006bmxx_lin.o
    0x0000cad0   0x0000cad0   0x00000044   Code   RO         1222    i.lin_overtime_detect  bf7006bmxx_lin.o
    0x0000cb14   0x0000cb14   0x00000014   Code   RO         2354    i.lvdt_disable      bf7006bmxx_sysctrl.o
    0x0000cb28   0x0000cb28   0x00000014   Code   RO         2355    i.lvdt_enable       bf7006bmxx_sysctrl.o
    0x0000cb3c   0x0000cb3c   0x0000005c   Code   RO         2356    i.lvdt_init         bf7006bmxx_sysctrl.o
    0x0000cb98   0x0000cb98   0x0000000c   Code   RO         2357    i.lvdt_int_flag_clr  bf7006bmxx_sysctrl.o
    0x0000cba4   0x0000cba4   0x0000000c   Code   RO         2358    i.lvdt_int_flag_get  bf7006bmxx_sysctrl.o
    0x0000cbb0   0x0000cbb0   0x0000000c   Code   RO           37    i.main              main.o
    0x0000cbbc   0x0000cbbc   0x00000096   Code   RO         2621    i.peripherals_config  bf7006bmxx_config.o
    0x0000cc52   0x0000cc52   0x00000002   PAD
    0x0000cc54   0x0000cc54   0x00000014   Code   RO         1885    i.pwm_ch0_if_clr    bf7006bmxx_pwm.o
    0x0000cc68   0x0000cc68   0x00000028   Code   RO         1886    i.pwm_ch0_init      bf7006bmxx_pwm.o
    0x0000cc90   0x0000cc90   0x00000014   Code   RO         1890    i.pwm_ch1_if_clr    bf7006bmxx_pwm.o
    0x0000cca4   0x0000cca4   0x00000028   Code   RO         1891    i.pwm_ch1_init      bf7006bmxx_pwm.o
    0x0000cccc   0x0000cccc   0x00000014   Code   RO         1895    i.pwm_ch2_if_clr    bf7006bmxx_pwm.o
    0x0000cce0   0x0000cce0   0x00000014   Code   RO         1900    i.pwm_ch3_if_clr    bf7006bmxx_pwm.o
    0x0000ccf4   0x0000ccf4   0x00000014   Code   RO         1905    i.pwm_ch4_if_clr    bf7006bmxx_pwm.o
    0x0000cd08   0x0000cd08   0x00000014   Code   RO         1910    i.pwm_ch5_if_clr    bf7006bmxx_pwm.o
    0x0000cd1c   0x0000cd1c   0x00000028   Code   RO         2622    i.pwm_config        bf7006bmxx_config.o
    0x0000cd44   0x0000cd44   0x00000028   Code   RO         1913    i.pwm_init          bf7006bmxx_pwm.o
    0x0000cd6c   0x0000cd6c   0x00000014   Code   RO         1915    i.pwm_tof_clr       bf7006bmxx_pwm.o
    0x0000cd80   0x0000cd80   0x0000001c   Code   RO         2360    i.reset_filter      bf7006bmxx_sysctrl.o
    0x0000cd9c   0x0000cd9c   0x00000016   Code   RO         2623    i.rtc_config        bf7006bmxx_config.o
    0x0000cdb2   0x0000cdb2   0x00000002   PAD
    0x0000cdb4   0x0000cdb4   0x00000050   Code   RO         2114    i.rtc_init          bf7006bmxx_rtc.o
    0x0000ce04   0x0000ce04   0x00000014   Code   RO         2117    i.rtc_int_flag_clr  bf7006bmxx_rtc.o
    0x0000ce18   0x0000ce18   0x0000000a   Code   RO         2196    i.sci_break_int_flag_clr  bf7006bmxx_sci.o
    0x0000ce22   0x0000ce22   0x00000004   Code   RO         2624    i.sci_config        bf7006bmxx_config.o
    0x0000ce26   0x0000ce26   0x00000008   Code   RO         2197    i.sci_data_get      bf7006bmxx_sci.o
    0x0000ce2e   0x0000ce2e   0x0000000a   Code   RO         2201    i.sci_err_int_flag_get  bf7006bmxx_sci.o
    0x0000ce38   0x0000ce38   0x0000000a   Code   RO         2206    i.sci_rx_edge_int_flag_clr  bf7006bmxx_sci.o
    0x0000ce42   0x0000ce42   0x0000001a   Code   RO         2208    i.sci_rx_int_flag_get  bf7006bmxx_sci.o
    0x0000ce5c   0x0000ce5c   0x0000000c   Code   RO         2216    i.sci_tx_int_flag_get  bf7006bmxx_sci.o
    0x0000ce68   0x0000ce68   0x0000009c   Code   RO           38    i.sys_init          main.o
    0x0000cf04   0x0000cf04   0x000000f8   Code   RO         2364    i.system_clk_sel    bf7006bmxx_sysctrl.o
    0x0000cffc   0x0000cffc   0x0000003c   Code   RO         2625    i.system_config     bf7006bmxx_config.o
    0x0000d038   0x0000d038   0x0000000c   Code   RO         2369    i.system_intvector_offset  bf7006bmxx_sysctrl.o
    0x0000d044   0x0000d044   0x00000004   Code   RO         2626    i.timer_config      bf7006bmxx_config.o
    0x0000d048   0x0000d048   0x0000000a   Code   RO         2511    i.timer_intflag_clr  bf7006bmxx_timer.o
    0x0000d052   0x0000d052   0x00000002   PAD
    0x0000d054   0x0000d054   0x00000028   Code   RO         1619    i.wait_eeprom_prog_erae_done  bf7006bmxx_eflash.o
    0x0000d07c   0x0000d07c   0x00000028   Code   RO         1620    i.wait_flash_prog_erae_done  bf7006bmxx_eflash.o
    0x0000d0a4   0x0000d0a4   0x00000020   Code   RO         2627    i.wdt_cfg           bf7006bmxx_config.o
    0x0000d0c4   0x0000d0c4   0x00000010   Code   RO         2574    i.wdt_clear         bf7006bmxx_wdt.o
    0x0000d0d4   0x0000d0d4   0x00000014   Code   RO         2575    i.wdt_config        bf7006bmxx_wdt.o
    0x0000d0e8   0x0000d0e8   0x0000000c   Code   RO         2576    i.wdt_overflow_count  bf7006bmxx_wdt.o
    0x0000d0f4   0x0000d0f4   0x0000000c   Code   RO         2577    i.wdt_overflow_count_win  bf7006bmxx_wdt.o
    0x0000d100   0x0000d100   0x00000164   Code   RO         2370    i.xtal_init         bf7006bmxx_sysctrl.o
    0x0000d264   0x0000d264   0x000006b4   Data   RO           40    .constdata          main.o
    0x0000d918   0x0000d918   0x00000066   Data   RO          973    .constdata          dcan.o
    0x0000d97e   0x0000d97e   0x00000042   Data   RO         1187    .constdata          bf7006bmxx_app_can.o
    0x0000d9c0   0x0000d9c0   0x00000058   Data   RO         2628    .constdata          bf7006bmxx_config.o
    0x0000da18   0x0000da18   0x00000020   Data   RO         2922    Region$$Table       anon$$obj.o


    Execution Region RW_IRAM1 (Exec base: 0x20000000, Load base: 0x0000da38, Size: 0x00000f98, Max: 0x00001000, ABSOLUTE, COMPRESSED[0x00000058])

    Exec Addr    Load Addr    Size         Type   Attr      Idx    E Section Name        Object

    0x20000000   COMPRESSED   0x00000238   Data   RW           41    .data               main.o
    0x20000238   COMPRESSED   0x00000058   Data   RW          707    .data               ostk.o
    0x20000290   COMPRESSED   0x00000006   Data   RW          757    .data               can_cfg.o
    0x20000296   COMPRESSED   0x00000002   PAD
    0x20000298   COMPRESSED   0x00000021   Data   RW          812    .data               can_tp.o
    0x200002b9   COMPRESSED   0x00000003   PAD
    0x200002bc   COMPRESSED   0x0000004c   Data   RW          974    .data               dcan.o
    0x20000308   COMPRESSED   0x0000001c   Data   RW         1188    .data               bf7006bmxx_app_can.o
    0x20000324   COMPRESSED   0x00000034   Data   RW         1227    .data               bf7006bmxx_lin.o
    0x20000358   COMPRESSED   0x00000014   Data   RW         1621    .data               bf7006bmxx_eflash.o
    0x2000036c   COMPRESSED   0x00000002   Data   RW         2372    .data               bf7006bmxx_sysctrl.o
    0x2000036e   COMPRESSED   0x00000002   PAD
    0x20000370   COMPRESSED   0x00000004   Data   RW         2705    .data               system_bf7006bmxx.o
    0x20000374        -       0x000002c4   Zero   RW           39    .bss                main.o
    0x20000638        -       0x000000a4   Zero   RW          756    .bss                can_cfg.o
    0x200006dc        -       0x00000148   Zero   RW          811    .bss                can_tp.o
    0x20000824        -       0x0000021c   Zero   RW          972    .bss                dcan.o
    0x20000a40        -       0x00000014   Zero   RW         1186    .bss                bf7006bmxx_app_can.o
    0x20000a54        -       0x000000e4   Zero   RW         2737    .bss                c_p.l(rand.o)
    0x20000b38        -       0x00000060   Zero   RW         2851    .bss                c_p.l(libspace.o)
    0x20000b98        -       0x00000200   Zero   RW         2695    HEAP                startup_bf7006bmxx.o
    0x20000d98        -       0x00000200   Zero   RW         2694    STACK               startup_bf7006bmxx.o


==============================================================================

Image component sizes


      Code (inc. data)   RO Data    RW Data    ZI Data      Debug   Object Name

      1084         82          0          0          0      16397   bf7006bmxx_adc.o
       220         32         66         28         20       1883   bf7006bmxx_app_can.o
      2292        130          0          0          0      22583   bf7006bmxx_can.o
       516         42         88          0          0       7749   bf7006bmxx_config.o
       918        118          0         20          0      17608   bf7006bmxx_eflash.o
       284         14          0          0          0       3144   bf7006bmxx_gpio.o
      2138        334          0          0          0      26732   bf7006bmxx_it.o
        88         16          0         52          0      10054   bf7006bmxx_lin.o
       340         66          0          0          0       5445   bf7006bmxx_pwm.o
       180         28          0          0          0       1918   bf7006bmxx_rtc.o
        76          0          0          0          0       3038   bf7006bmxx_sci.o
       880        152          0          2          0      11127   bf7006bmxx_sysctrl.o
        10          0          0          0          0        468   bf7006bmxx_timer.o
        60         28          0          0          0       1811   bf7006bmxx_wdt.o
       448         76          0          6        164       2779   can_cfg.o
      2150        224          0         33        328      12724   can_tp.o
     11480        662        102         76        540      31584   dcan.o
      8372       1222       1716        568        708      57830   main.o
       354         28          0         88          0      10694   ostk.o
        56         26        192          0       1024        620   startup_bf7006bmxx.o
       122         36          0          4          0       1135   system_bf7006bmxx.o

    ----------------------------------------------------------------------
     32096       3316       2196        884       2784     247323   Object Totals
         0          0         32          0          0          0   (incl. Generated)
        28          0          0          7          0          0   (incl. Padding)

    ----------------------------------------------------------------------

      Code (inc. data)   RO Data    RW Data    ZI Data      Debug   Library Member Name

        86          0          0          0          0          0   __dczerorl2.o
         8          0          0          0          0         68   __main.o
         0          0          0          0          0          0   __rtentry.o
        12          0          0          0          0          0   __rtentry2.o
         6          0          0          0          0          0   __rtentry4.o
        60          8          0          0          0          0   __scatter.o
        28          0          0          0          0          0   __scatter_zi.o
       346          0          0          0          0         92   aeabi_sdiv.o
        12          0          0          0          0         64   exit.o
         6          0          0          0          0        136   heapauxi.o
         0          0          0          0          0          0   indicate_semi.o
         2          0          0          0          0          0   libinit.o
         6          0          0          0          0          0   libinit2.o
         2          0          0          0          0          0   libshutdown.o
         2          0          0          0          0          0   libshutdown2.o
         8          4          0          0         96         68   libspace.o
       116         16          0          0        228        156   rand.o
        64          0          0          0          0        108   rt_memclr.o
       186          0          0          0          0        144   rt_memcpy.o
         2          0          0          0          0          0   rtexit.o
        10          0          0          0          0          0   rtexit2.o
        12          4          0          0          0         60   sys_exit.o
        62          0          0          0          0         80   sys_stackheap_outer.o
        34          0          0          0          0         60   uread4.o
         2          0          0          0          0         68   use_no_semi.o
        16          0          0          0          0         60   uwrite4.o

    ----------------------------------------------------------------------
      1092         32          0          0        324       1164   Library Totals
         4          0          0          0          0          0   (incl. Padding)

    ----------------------------------------------------------------------

      Code (inc. data)   RO Data    RW Data    ZI Data      Debug   Library Name

      1088         32          0          0        324       1164   c_p.l

    ----------------------------------------------------------------------
      1092         32          0          0        324       1164   Library Totals

    ----------------------------------------------------------------------

==============================================================================


      Code (inc. data)   RO Data    RW Data    ZI Data      Debug   

     33188       3348       2196        884       3108     237947   Grand Totals
     33188       3348       2196         88       3108     237947   ELF Image Totals (compressed)
     33188       3348       2196         88          0          0   ROM Totals

==============================================================================

    Total RO  Size (Code + RO Data)                35384 (  34.55kB)
    Total RW  Size (RW Data + ZI Data)              3992 (   3.90kB)
    Total ROM Size (Code + RO Data + RW Data)      35472 (  34.64kB)

==============================================================================

