


ARM Macro Assembler    Page 1 


    1 00000000         ;/******************************************************
                       ***********************
    2 00000000         ; * @file:    startup_MPS_CM0.s
    3 00000000         ; * @purpose: CMSIS Cortex-M0 Core Device Startup File 
    4 00000000         ; *           for the ARM 'Microcontroller Prototyping S
                       ystem' 
    5 00000000         ; * @version: V1.0
    6 00000000         ; * @date:    19. Aug. 2009
    7 00000000         ; *------- <<< Use Configuration Wizard in Context Menu 
                       >>> ------------------
    8 00000000         ; *
    9 00000000         ; * Copyright (C) 2008-2009 ARM Limited. All rights rese
                       rved.
   10 00000000         ; * ARM Limited (ARM) is supplying this software for use
                        with Cortex-M0 
   11 00000000         ; * processor based microcontrollers.  This file can be 
                       freely distributed 
   12 00000000         ; * within development tools that are supporting such AR
                       M based processors. 
   13 00000000         ; *
   14 00000000         ; * THIS SOFTWARE IS PROVIDED "AS IS".  NO WARRANTIES, W
                       HETHER EXPRESS, IMPLIED
   15 00000000         ; * OR STATUTORY, INCLUDING, BUT NOT LIMITED TO, IMPLIED
                        WARRANTIES OF
   16 00000000         ; * MERCHANTABILITY AND FITNESS FOR A PARTICULAR PURPOSE
                        APPLY TO THIS SOFTWARE.
   17 00000000         ; * ARM SHALL NOT, IN ANY CIRCUMSTANCES, BE LIABLE FOR S
                       PECIAL, INCIDENTAL, OR
   18 00000000         ; * CONSEQUENTIAL DAMAGES, FOR ANY REASON WHATSOEVER.
   19 00000000         ; *
   20 00000000         ; ******************************************************
                       ***********************/
   21 00000000         
   22 00000000         
   23 00000000         ; <h> Stack Configuration
   24 00000000         ;   <o> Stack Size (in Bytes) <0x0-0xFFFFFFFF:8>
   25 00000000         ; </h>
   26 00000000         
   27 00000000 00000200 
                       Stack_Size
                               EQU              0x00000200
   28 00000000         
   29 00000000                 AREA             STACK, NOINIT, READWRITE, ALIGN
=3
   30 00000000         Stack_Mem
                               SPACE            Stack_Size
   31 00000200         __initial_sp
   32 00000200         
   33 00000200         
   34 00000200         ; <h> Heap Configuration
   35 00000200         ;   <o>  Heap Size (in Bytes) <0x0-0xFFFFFFFF:8>
   36 00000200         ; </h>
   37 00000200         
   38 00000200 00000200 
                       Heap_Size
                               EQU              0x00000200
   39 00000200         
   40 00000200                 AREA             HEAP, NOINIT, READWRITE, ALIGN=
3



ARM Macro Assembler    Page 2 


   41 00000000         __heap_base
   42 00000000         Heap_Mem
                               SPACE            Heap_Size
   43 00000200         __heap_limit
   44 00000200         
   45 00000200         
   46 00000200                 PRESERVE8
   47 00000200                 THUMB
   48 00000200         
   49 00000200         
   50 00000200         ; Vector Table Mapped to Address 0 at Reset
   51 00000200         
   52 00000200                 AREA             RESET, DATA, READONLY
   53 00000000                 EXPORT           __Vectors
   54 00000000         
   55 00000000 00000000 
                       __Vectors
                               DCD              __initial_sp ; Top of Stack
   56 00000004 00000000        DCD              Reset_Handler ; Reset Handler
   57 00000008 00000000        DCD              NMI_Handler ; NMI Handler
   58 0000000C 00000000        DCD              HardFault_Handler ; Hard Fault 
                                                            Handler
   59 00000010 00000000        DCD              0           ; Reserved
   60 00000014 00000000        DCD              0           ; Reserved
   61 00000018 00000000        DCD              0           ; Reserved
   62 0000001C 00000000        DCD              0           ; Reserved
   63 00000020 00000000        DCD              0           ; Reserved
   64 00000024 00000000        DCD              0           ; Reserved
   65 00000028 00000000        DCD              0           ; Reserved
   66 0000002C 00000000        DCD              SVC_Handler ; SVCall Handler
   67 00000030 00000000        DCD              0           ; Reserved
   68 00000034 00000000        DCD              0           ; Reserved
   69 00000038 00000000        DCD              PendSV_Handler ; PendSV Handler
                                                            
   70 0000003C 00000000        DCD              SysTick_Handler 
                                                            ; SysTick Handler
   71 00000040         
   72 00000040         ; External Interrupts
   73 00000040 00000000        DCD              0           ; 0:  Reserved
   74 00000044 00000000        DCD              SYS_IRQHandler ; 1:  Flash+EEPR
                                                            OM ECC RC_CHK_ONE A
                                                            DJ_EER   
   75 00000048 00000000        DCD              0           ; 2:  Reserved
   76 0000004C 00000000        DCD              0           ; 3:  Reserved
   77 00000050 00000000        DCD              LVDT_IRQHandler ; 4:  LVDT Inte
                                                            rrupt
   78 00000054 00000000        DCD              PWM_CH0_IRQHandler 
                                                            ; 5:  PWM channel 0
                                                            
   79 00000058 00000000        DCD              PWM_CH1_IRQHandler 
                                                            ; 6:  PWM channel 1
                                                            
   80 0000005C 00000000        DCD              PWM_CH2_IRQHandler 
                                                            ; 7:  PWM channel 2
                                                            
   81 00000060 00000000        DCD              PWM_CH3_IRQHandler 
                                                            ; 8:  PWM channel 3
                                                            
   82 00000064 00000000        DCD              PWM_CH4_IRQHandler 



ARM Macro Assembler    Page 3 


                                                            ; 9:  PWM channel 4
                                                            
   83 00000068 00000000        DCD              PWM_CH5_IRQHandler 
                                                            ; 10: PWM channel 5
                                                            
   84 0000006C 00000000        DCD              PWM_TOF_IRQHandler 
                                                            ; 11: PWM overflow
   85 00000070 00000000        DCD              0           ; 12: Reserved
   86 00000074 00000000        DCD              0           ; 13: Reserved
   87 00000078 00000000        DCD              0           ; 14: Reserved
   88 0000007C 00000000        DCD              0           ; 15: Reserved
   89 00000080 00000000        DCD              SCI0_ERR_IRQHandler 
                                                            ; 16: SCI0 ERR
   90 00000084 00000000        DCD              SCI0_RX_IRQHandler 
                                                            ; 17: SCI0 RX
   91 00000088 00000000        DCD              SCI0_TX_IRQHandler 
                                                            ; 18: SCI0 TX
   92 0000008C 00000000        DCD              SCI1_ERR_IRQHandler 
                                                            ; 19: SCI0 ERR
   93 00000090 00000000        DCD              SCI1_RX_IRQHandler 
                                                            ; 20: SCI0 RX
   94 00000094 00000000        DCD              SCI1_TX_IRQHandler 
                                                            ; 21: SCI0 TX
   95 00000098 00000000        DCD              GPIO_IRQHandler ; 22: GPIO INT
   96 0000009C 00000000        DCD              ADC_IRQHandler ; 23: ADC
   97 000000A0 00000000        DCD              0           ; 24: Reserved
   98 000000A4 00000000        DCD              RTC_IRQHandler ; 25: RTC
   99 000000A8 00000000        DCD              CAN_WAKE_IRQHandler 
                                                            ; 26: CAN WAKE UP
  100 000000AC 00000000        DCD              CAN_ERR_IRQHandler 
                                                            ; 27: CAN ERR
  101 000000B0 00000000        DCD              CAN_RX_IRQHandler ; 28: CAN RX
  102 000000B4 00000000        DCD              CAN_TX_IRQHandler ; 29: CAN TX
  103 000000B8 00000000        DCD              TIMER0_IRQHandler ; 30: Timer0
  104 000000BC 00000000        DCD              TIMER1_IRQHandler ; 31: Timer1
  105 000000C0         
  106 000000C0         
  107 000000C0                 AREA             |.text|, CODE, READONLY
  108 00000000         
  109 00000000         
  110 00000000         ; Reset Handler
  111 00000000         
  112 00000000         Reset_Handler
                               PROC
  113 00000000                 EXPORT           Reset_Handler             [WEAK
]
  114 00000000                 IMPORT           SystemInit
  115 00000000                 IMPORT           __main
  116 00000000 4807            LDR              R0, =SystemInit
  117 00000002 4780            BLX              R0
  118 00000004 4807            LDR              R0, =__main
  119 00000006 4700            BX               R0
  120 00000008                 ENDP
  121 00000008         
  122 00000008         
  123 00000008         ; Dummy Exception Handlers (infinite loops which can be 
                       modified)
  124 00000008         
  125 00000008         NMI_Handler



ARM Macro Assembler    Page 4 


                               PROC
  126 00000008                 EXPORT           NMI_Handler               [WEAK
]
  127 00000008 E7FE            B                .
  128 0000000A                 ENDP
  130 0000000A         HardFault_Handler
                               PROC
  131 0000000A                 EXPORT           HardFault_Handler         [WEAK
]
  132 0000000A E7FE            B                .
  133 0000000C                 ENDP
  134 0000000C         SVC_Handler
                               PROC
  135 0000000C                 EXPORT           SVC_Handler               [WEAK
]
  136 0000000C E7FE            B                .
  137 0000000E                 ENDP
  138 0000000E         PendSV_Handler
                               PROC
  139 0000000E                 EXPORT           PendSV_Handler            [WEAK
]
  140 0000000E E7FE            B                .
  141 00000010                 ENDP
  142 00000010         SysTick_Handler
                               PROC
  143 00000010                 EXPORT           SysTick_Handler           [WEAK
]
  144 00000010 E7FE            B                .
  145 00000012                 ENDP
  146 00000012         
  147 00000012         Default_Handler
                               PROC
  148 00000012         
  149 00000012                 EXPORT           SYS_IRQHandler                 
     [WEAK]
  150 00000012                 EXPORT           LVDT_IRQHandler                
     [WEAK]
  151 00000012                 EXPORT           PWM_CH0_IRQHandler             
     [WEAK]
  152 00000012                 EXPORT           PWM_CH1_IRQHandler             
     [WEAK]
  153 00000012                 EXPORT           PWM_CH2_IRQHandler             
     [WEAK]
  154 00000012                 EXPORT           PWM_CH3_IRQHandler             
     [WEAK]
  155 00000012                 EXPORT           PWM_CH4_IRQHandler             
     [WEAK]
  156 00000012                 EXPORT           PWM_CH5_IRQHandler             
     [WEAK]
  157 00000012                 EXPORT           PWM_TOF_IRQHandler             
     [WEAK]
  158 00000012                 EXPORT           SCI0_ERR_IRQHandler            
     [WEAK]
  159 00000012                 EXPORT           SCI0_RX_IRQHandler             
     [WEAK]
  160 00000012                 EXPORT           SCI0_TX_IRQHandler             
     [WEAK]
  161 00000012                 EXPORT           SCI1_ERR_IRQHandler            
     [WEAK]



ARM Macro Assembler    Page 5 


  162 00000012                 EXPORT           SCI1_RX_IRQHandler             
     [WEAK]
  163 00000012                 EXPORT           SCI1_TX_IRQHandler             
     [WEAK]
  164 00000012                 EXPORT           GPIO_IRQHandler                
     [WEAK]
  165 00000012                 EXPORT           ADC_IRQHandler                 
     [WEAK]
  166 00000012                 EXPORT           RTC_IRQHandler                 
     [WEAK]
  167 00000012                 EXPORT           CAN_WAKE_IRQHandler            
     [WEAK]
  168 00000012                 EXPORT           CAN_ERR_IRQHandler             
     [WEAK]
  169 00000012                 EXPORT           CAN_RX_IRQHandler              
     [WEAK]
  170 00000012                 EXPORT           CAN_TX_IRQHandler              
     [WEAK]
  171 00000012                 EXPORT           TIMER0_IRQHandler              
     [WEAK]
  172 00000012                 EXPORT           TIMER1_IRQHandler              
     [WEAK]
  173 00000012         
  174 00000012         
  175 00000012         SYS_IRQHandler
  176 00000012         LVDT_IRQHandler
  177 00000012         PWM_CH0_IRQHandler
  178 00000012         PWM_CH1_IRQHandler
  179 00000012         PWM_CH2_IRQHandler
  180 00000012         PWM_CH3_IRQHandler
  181 00000012         PWM_CH4_IRQHandler
  182 00000012         PWM_CH5_IRQHandler
  183 00000012         PWM_TOF_IRQHandler
  184 00000012         SCI0_ERR_IRQHandler
  185 00000012         SCI0_RX_IRQHandler
  186 00000012         SCI0_TX_IRQHandler
  187 00000012         SCI1_ERR_IRQHandler
  188 00000012         SCI1_RX_IRQHandler
  189 00000012         SCI1_TX_IRQHandler
  190 00000012         GPIO_IRQHandler
  191 00000012         ADC_IRQHandler
  192 00000012         RTC_IRQHandler
  193 00000012         CAN_WAKE_IRQHandler
  194 00000012         CAN_ERR_IRQHandler
  195 00000012         CAN_RX_IRQHandler
  196 00000012         CAN_TX_IRQHandler
  197 00000012         TIMER0_IRQHandler
  198 00000012         TIMER1_IRQHandler
  199 00000012         
  200 00000012         
  201 00000012 E7FE            B                .
  202 00000014         
  203 00000014                 ENDP
  204 00000014         
  205 00000014         
  206 00000014                 ALIGN
  207 00000014         
  208 00000014         
  209 00000014         ; User Initial Stack & Heap



ARM Macro Assembler    Page 6 


  210 00000014         
  211 00000014                 IF               :DEF:__MICROLIB
  218 00000014         
  219 00000014                 IMPORT           __use_two_region_memory
  220 00000014                 EXPORT           __user_initial_stackheap
  221 00000014         __user_initial_stackheap
  222 00000014         
  223 00000014 4804            LDR              R0, =  Heap_Mem
  224 00000016 4905            LDR              R1, =(Stack_Mem + Stack_Size)
  225 00000018 4A05            LDR              R2, = (Heap_Mem +  Heap_Size)
  226 0000001A 4B06            LDR              R3, = Stack_Mem
  227 0000001C 4770            BX               LR
  228 0000001E         
  229 0000001E 00 00           ALIGN
  230 00000020         
  231 00000020                 ENDIF
  232 00000020         
  233 00000020         
  234 00000020                 END
              00000000 
              00000000 
              00000000 
              00000200 
              00000200 
              00000000 
Command Line: --debug --xref --diag_suppress=9931 --cpu=Cortex-M0 --apcs=interw
ork --depend=.\objects\startup_bf7006bmxx.d -o.\objects\startup_bf7006bmxx.o -I
.\RTE\Application\BF7006BM48 -I.\RTE\CMSIS\BF7006BM48 -I.\RTE\Device\BF7006BM48
 -I.\RTE\Startup\BF7006BM48 -I.\RTE\_Target_1 -ID:\Keil_v5\ARM\PACK\ARM\CMSIS\4
.2.0\CMSIS\Include -ID:\Keil_v5\ARM\PACK\BYD\BYDMicro_DFP\1.3.0\Device\Include\
BF7006BMxx --predefine="__UVISION_VERSION SETA 525" --predefine="_RTE_ SETA 1" 
--list=.\listings\startup_bf7006bmxx.lst RTE\Startup\BF7006BM48\startup_BF7006B
Mxx.s



ARM Macro Assembler    Page 1 Alphabetic symbol ordering
Relocatable symbols

STACK 00000000

Symbol: STACK
   Definitions
      At line 29 in file RTE\Startup\BF7006BM48\startup_BF7006BMxx.s
   Uses
      None
Comment: STACK unused
Stack_Mem 00000000

Symbol: Stack_Mem
   Definitions
      At line 30 in file RTE\Startup\BF7006BM48\startup_BF7006BMxx.s
   Uses
      At line 224 in file RTE\Startup\BF7006BM48\startup_BF7006BMxx.s
      At line 226 in file RTE\Startup\BF7006BM48\startup_BF7006BMxx.s

__initial_sp 00000200

Symbol: __initial_sp
   Definitions
      At line 31 in file RTE\Startup\BF7006BM48\startup_BF7006BMxx.s
   Uses
      At line 55 in file RTE\Startup\BF7006BM48\startup_BF7006BMxx.s
Comment: __initial_sp used once
3 symbols



ARM Macro Assembler    Page 1 Alphabetic symbol ordering
Relocatable symbols

HEAP 00000000

Symbol: HEAP
   Definitions
      At line 40 in file RTE\Startup\BF7006BM48\startup_BF7006BMxx.s
   Uses
      None
Comment: HEAP unused
Heap_Mem 00000000

Symbol: Heap_Mem
   Definitions
      At line 42 in file RTE\Startup\BF7006BM48\startup_BF7006BMxx.s
   Uses
      At line 223 in file RTE\Startup\BF7006BM48\startup_BF7006BMxx.s
      At line 225 in file RTE\Startup\BF7006BM48\startup_BF7006BMxx.s

__heap_base 00000000

Symbol: __heap_base
   Definitions
      At line 41 in file RTE\Startup\BF7006BM48\startup_BF7006BMxx.s
   Uses
      None
Comment: __heap_base unused
__heap_limit 00000200

Symbol: __heap_limit
   Definitions
      At line 43 in file RTE\Startup\BF7006BM48\startup_BF7006BMxx.s
   Uses
      None
Comment: __heap_limit unused
4 symbols



ARM Macro Assembler    Page 1 Alphabetic symbol ordering
Relocatable symbols

RESET 00000000

Symbol: RESET
   Definitions
      At line 52 in file RTE\Startup\BF7006BM48\startup_BF7006BMxx.s
   Uses
      None
Comment: RESET unused
__Vectors 00000000

Symbol: __Vectors
   Definitions
      At line 55 in file RTE\Startup\BF7006BM48\startup_BF7006BMxx.s
   Uses
      At line 53 in file RTE\Startup\BF7006BM48\startup_BF7006BMxx.s
Comment: __Vectors used once
2 symbols



ARM Macro Assembler    Page 1 Alphabetic symbol ordering
Relocatable symbols

.text 00000000

Symbol: .text
   Definitions
      At line 107 in file RTE\Startup\BF7006BM48\startup_BF7006BMxx.s
   Uses
      None
Comment: .text unused
ADC_IRQHandler 00000012

Symbol: ADC_IRQHandler
   Definitions
      At line 191 in file RTE\Startup\BF7006BM48\startup_BF7006BMxx.s
   Uses
      At line 96 in file RTE\Startup\BF7006BM48\startup_BF7006BMxx.s
      At line 165 in file RTE\Startup\BF7006BM48\startup_BF7006BMxx.s

CAN_ERR_IRQHandler 00000012

Symbol: CAN_ERR_IRQHandler
   Definitions
      At line 194 in file RTE\Startup\BF7006BM48\startup_BF7006BMxx.s
   Uses
      At line 100 in file RTE\Startup\BF7006BM48\startup_BF7006BMxx.s
      At line 168 in file RTE\Startup\BF7006BM48\startup_BF7006BMxx.s

CAN_RX_IRQHandler 00000012

Symbol: CAN_RX_IRQHandler
   Definitions
      At line 195 in file RTE\Startup\BF7006BM48\startup_BF7006BMxx.s
   Uses
      At line 101 in file RTE\Startup\BF7006BM48\startup_BF7006BMxx.s
      At line 169 in file RTE\Startup\BF7006BM48\startup_BF7006BMxx.s

CAN_TX_IRQHandler 00000012

Symbol: CAN_TX_IRQHandler
   Definitions
      At line 196 in file RTE\Startup\BF7006BM48\startup_BF7006BMxx.s
   Uses
      At line 102 in file RTE\Startup\BF7006BM48\startup_BF7006BMxx.s
      At line 170 in file RTE\Startup\BF7006BM48\startup_BF7006BMxx.s

CAN_WAKE_IRQHandler 00000012

Symbol: CAN_WAKE_IRQHandler
   Definitions
      At line 193 in file RTE\Startup\BF7006BM48\startup_BF7006BMxx.s
   Uses
      At line 99 in file RTE\Startup\BF7006BM48\startup_BF7006BMxx.s
      At line 167 in file RTE\Startup\BF7006BM48\startup_BF7006BMxx.s

Default_Handler 00000012

Symbol: Default_Handler
   Definitions
      At line 147 in file RTE\Startup\BF7006BM48\startup_BF7006BMxx.s
   Uses



ARM Macro Assembler    Page 2 Alphabetic symbol ordering
Relocatable symbols

      None
Comment: Default_Handler unused
GPIO_IRQHandler 00000012

Symbol: GPIO_IRQHandler
   Definitions
      At line 190 in file RTE\Startup\BF7006BM48\startup_BF7006BMxx.s
   Uses
      At line 95 in file RTE\Startup\BF7006BM48\startup_BF7006BMxx.s
      At line 164 in file RTE\Startup\BF7006BM48\startup_BF7006BMxx.s

HardFault_Handler 0000000A

Symbol: HardFault_Handler
   Definitions
      At line 130 in file RTE\Startup\BF7006BM48\startup_BF7006BMxx.s
   Uses
      At line 58 in file RTE\Startup\BF7006BM48\startup_BF7006BMxx.s
      At line 131 in file RTE\Startup\BF7006BM48\startup_BF7006BMxx.s

LVDT_IRQHandler 00000012

Symbol: LVDT_IRQHandler
   Definitions
      At line 176 in file RTE\Startup\BF7006BM48\startup_BF7006BMxx.s
   Uses
      At line 77 in file RTE\Startup\BF7006BM48\startup_BF7006BMxx.s
      At line 150 in file RTE\Startup\BF7006BM48\startup_BF7006BMxx.s

NMI_Handler 00000008

Symbol: NMI_Handler
   Definitions
      At line 125 in file RTE\Startup\BF7006BM48\startup_BF7006BMxx.s
   Uses
      At line 57 in file RTE\Startup\BF7006BM48\startup_BF7006BMxx.s
      At line 126 in file RTE\Startup\BF7006BM48\startup_BF7006BMxx.s

PWM_CH0_IRQHandler 00000012

Symbol: PWM_CH0_IRQHandler
   Definitions
      At line 177 in file RTE\Startup\BF7006BM48\startup_BF7006BMxx.s
   Uses
      At line 78 in file RTE\Startup\BF7006BM48\startup_BF7006BMxx.s
      At line 151 in file RTE\Startup\BF7006BM48\startup_BF7006BMxx.s

PWM_CH1_IRQHandler 00000012

Symbol: PWM_CH1_IRQHandler
   Definitions
      At line 178 in file RTE\Startup\BF7006BM48\startup_BF7006BMxx.s
   Uses
      At line 79 in file RTE\Startup\BF7006BM48\startup_BF7006BMxx.s
      At line 152 in file RTE\Startup\BF7006BM48\startup_BF7006BMxx.s

PWM_CH2_IRQHandler 00000012

Symbol: PWM_CH2_IRQHandler



ARM Macro Assembler    Page 3 Alphabetic symbol ordering
Relocatable symbols

   Definitions
      At line 179 in file RTE\Startup\BF7006BM48\startup_BF7006BMxx.s
   Uses
      At line 80 in file RTE\Startup\BF7006BM48\startup_BF7006BMxx.s
      At line 153 in file RTE\Startup\BF7006BM48\startup_BF7006BMxx.s

PWM_CH3_IRQHandler 00000012

Symbol: PWM_CH3_IRQHandler
   Definitions
      At line 180 in file RTE\Startup\BF7006BM48\startup_BF7006BMxx.s
   Uses
      At line 81 in file RTE\Startup\BF7006BM48\startup_BF7006BMxx.s
      At line 154 in file RTE\Startup\BF7006BM48\startup_BF7006BMxx.s

PWM_CH4_IRQHandler 00000012

Symbol: PWM_CH4_IRQHandler
   Definitions
      At line 181 in file RTE\Startup\BF7006BM48\startup_BF7006BMxx.s
   Uses
      At line 82 in file RTE\Startup\BF7006BM48\startup_BF7006BMxx.s
      At line 155 in file RTE\Startup\BF7006BM48\startup_BF7006BMxx.s

PWM_CH5_IRQHandler 00000012

Symbol: PWM_CH5_IRQHandler
   Definitions
      At line 182 in file RTE\Startup\BF7006BM48\startup_BF7006BMxx.s
   Uses
      At line 83 in file RTE\Startup\BF7006BM48\startup_BF7006BMxx.s
      At line 156 in file RTE\Startup\BF7006BM48\startup_BF7006BMxx.s

PWM_TOF_IRQHandler 00000012

Symbol: PWM_TOF_IRQHandler
   Definitions
      At line 183 in file RTE\Startup\BF7006BM48\startup_BF7006BMxx.s
   Uses
      At line 84 in file RTE\Startup\BF7006BM48\startup_BF7006BMxx.s
      At line 157 in file RTE\Startup\BF7006BM48\startup_BF7006BMxx.s

PendSV_Handler 0000000E

Symbol: PendSV_Handler
   Definitions
      At line 138 in file RTE\Startup\BF7006BM48\startup_BF7006BMxx.s
   Uses
      At line 69 in file RTE\Startup\BF7006BM48\startup_BF7006BMxx.s
      At line 139 in file RTE\Startup\BF7006BM48\startup_BF7006BMxx.s

RTC_IRQHandler 00000012

Symbol: RTC_IRQHandler
   Definitions
      At line 192 in file RTE\Startup\BF7006BM48\startup_BF7006BMxx.s
   Uses
      At line 98 in file RTE\Startup\BF7006BM48\startup_BF7006BMxx.s
      At line 166 in file RTE\Startup\BF7006BM48\startup_BF7006BMxx.s



ARM Macro Assembler    Page 4 Alphabetic symbol ordering
Relocatable symbols


Reset_Handler 00000000

Symbol: Reset_Handler
   Definitions
      At line 112 in file RTE\Startup\BF7006BM48\startup_BF7006BMxx.s
   Uses
      At line 56 in file RTE\Startup\BF7006BM48\startup_BF7006BMxx.s
      At line 113 in file RTE\Startup\BF7006BM48\startup_BF7006BMxx.s

SCI0_ERR_IRQHandler 00000012

Symbol: SCI0_ERR_IRQHandler
   Definitions
      At line 184 in file RTE\Startup\BF7006BM48\startup_BF7006BMxx.s
   Uses
      At line 89 in file RTE\Startup\BF7006BM48\startup_BF7006BMxx.s
      At line 158 in file RTE\Startup\BF7006BM48\startup_BF7006BMxx.s

SCI0_RX_IRQHandler 00000012

Symbol: SCI0_RX_IRQHandler
   Definitions
      At line 185 in file RTE\Startup\BF7006BM48\startup_BF7006BMxx.s
   Uses
      At line 90 in file RTE\Startup\BF7006BM48\startup_BF7006BMxx.s
      At line 159 in file RTE\Startup\BF7006BM48\startup_BF7006BMxx.s

SCI0_TX_IRQHandler 00000012

Symbol: SCI0_TX_IRQHandler
   Definitions
      At line 186 in file RTE\Startup\BF7006BM48\startup_BF7006BMxx.s
   Uses
      At line 91 in file RTE\Startup\BF7006BM48\startup_BF7006BMxx.s
      At line 160 in file RTE\Startup\BF7006BM48\startup_BF7006BMxx.s

SCI1_ERR_IRQHandler 00000012

Symbol: SCI1_ERR_IRQHandler
   Definitions
      At line 187 in file RTE\Startup\BF7006BM48\startup_BF7006BMxx.s
   Uses
      At line 92 in file RTE\Startup\BF7006BM48\startup_BF7006BMxx.s
      At line 161 in file RTE\Startup\BF7006BM48\startup_BF7006BMxx.s

SCI1_RX_IRQHandler 00000012

Symbol: SCI1_RX_IRQHandler
   Definitions
      At line 188 in file RTE\Startup\BF7006BM48\startup_BF7006BMxx.s
   Uses
      At line 93 in file RTE\Startup\BF7006BM48\startup_BF7006BMxx.s
      At line 162 in file RTE\Startup\BF7006BM48\startup_BF7006BMxx.s

SCI1_TX_IRQHandler 00000012

Symbol: SCI1_TX_IRQHandler
   Definitions



ARM Macro Assembler    Page 5 Alphabetic symbol ordering
Relocatable symbols

      At line 189 in file RTE\Startup\BF7006BM48\startup_BF7006BMxx.s
   Uses
      At line 94 in file RTE\Startup\BF7006BM48\startup_BF7006BMxx.s
      At line 163 in file RTE\Startup\BF7006BM48\startup_BF7006BMxx.s

SVC_Handler 0000000C

Symbol: SVC_Handler
   Definitions
      At line 134 in file RTE\Startup\BF7006BM48\startup_BF7006BMxx.s
   Uses
      At line 66 in file RTE\Startup\BF7006BM48\startup_BF7006BMxx.s
      At line 135 in file RTE\Startup\BF7006BM48\startup_BF7006BMxx.s

SYS_IRQHandler 00000012

Symbol: SYS_IRQHandler
   Definitions
      At line 175 in file RTE\Startup\BF7006BM48\startup_BF7006BMxx.s
   Uses
      At line 74 in file RTE\Startup\BF7006BM48\startup_BF7006BMxx.s
      At line 149 in file RTE\Startup\BF7006BM48\startup_BF7006BMxx.s

SysTick_Handler 00000010

Symbol: SysTick_Handler
   Definitions
      At line 142 in file RTE\Startup\BF7006BM48\startup_BF7006BMxx.s
   Uses
      At line 70 in file RTE\Startup\BF7006BM48\startup_BF7006BMxx.s
      At line 143 in file RTE\Startup\BF7006BM48\startup_BF7006BMxx.s

TIMER0_IRQHandler 00000012

Symbol: TIMER0_IRQHandler
   Definitions
      At line 197 in file RTE\Startup\BF7006BM48\startup_BF7006BMxx.s
   Uses
      At line 103 in file RTE\Startup\BF7006BM48\startup_BF7006BMxx.s
      At line 171 in file RTE\Startup\BF7006BM48\startup_BF7006BMxx.s

TIMER1_IRQHandler 00000012

Symbol: TIMER1_IRQHandler
   Definitions
      At line 198 in file RTE\Startup\BF7006BM48\startup_BF7006BMxx.s
   Uses
      At line 104 in file RTE\Startup\BF7006BM48\startup_BF7006BMxx.s
      At line 172 in file RTE\Startup\BF7006BM48\startup_BF7006BMxx.s

__user_initial_stackheap 00000014

Symbol: __user_initial_stackheap
   Definitions
      At line 221 in file RTE\Startup\BF7006BM48\startup_BF7006BMxx.s
   Uses
      At line 220 in file RTE\Startup\BF7006BM48\startup_BF7006BMxx.s
Comment: __user_initial_stackheap used once
33 symbols



ARM Macro Assembler    Page 1 Alphabetic symbol ordering
Absolute symbols

Heap_Size 00000200

Symbol: Heap_Size
   Definitions
      At line 38 in file RTE\Startup\BF7006BM48\startup_BF7006BMxx.s
   Uses
      At line 42 in file RTE\Startup\BF7006BM48\startup_BF7006BMxx.s
      At line 225 in file RTE\Startup\BF7006BM48\startup_BF7006BMxx.s

Stack_Size 00000200

Symbol: Stack_Size
   Definitions
      At line 27 in file RTE\Startup\BF7006BM48\startup_BF7006BMxx.s
   Uses
      At line 30 in file RTE\Startup\BF7006BM48\startup_BF7006BMxx.s
      At line 224 in file RTE\Startup\BF7006BM48\startup_BF7006BMxx.s

2 symbols



ARM Macro Assembler    Page 1 Alphabetic symbol ordering
External symbols

SystemInit 00000000

Symbol: SystemInit
   Definitions
      At line 114 in file RTE\Startup\BF7006BM48\startup_BF7006BMxx.s
   Uses
      At line 116 in file RTE\Startup\BF7006BM48\startup_BF7006BMxx.s
Comment: SystemInit used once
__main 00000000

Symbol: __main
   Definitions
      At line 115 in file RTE\Startup\BF7006BM48\startup_BF7006BMxx.s
   Uses
      At line 118 in file RTE\Startup\BF7006BM48\startup_BF7006BMxx.s
Comment: __main used once
__use_two_region_memory 00000000

Symbol: __use_two_region_memory
   Definitions
      At line 219 in file RTE\Startup\BF7006BM48\startup_BF7006BMxx.s
   Uses
      None
Comment: __use_two_region_memory unused
3 symbols
383 symbols in table
